WARNING: All log messages before absl::InitializeLog() is called are written to STDERR
E0000 00:00:1789276807.795299 1109254 descriptor_database.cc:633] File already exists in database: grpc/health/v1/health.proto
W0000 00:00:1789276807.795343 1109254 message.cc:301] Protobuf GeneratedMessageFactory: File is already registered: grpc/health/v1/health.proto
[ISAACLAB] AppLauncher initialization complete
[ISAACLAB] Kit version: 110.1.2+production.326809.f9bf0dda.gl
[ISAACLAB] Kit kernel:  210.1.11+release.13746.80f6dc72.gl
[ISAACLAB] Kit hash:    f9bf0dda
[INFO]: Parsing configuration from: legged_lab.tasks.locomotion.amp.config.g1.g1_amp_depth_target_v6_env_cfg:G1AmpDepthTargetV6EnvCfg
[INFO]: Parsing configuration from: legged_lab.tasks.locomotion.amp.config.g1.agents.rsl_rl_depth_target_v6_ppo_cfg:G1AmpDepthTargetV6PPORunnerCfg
[INFO]: Base environment:
	Environment device    : cuda:0
	Environment seed      : 42
	Physics step-size     : 0.005
	Rendering step-size   : 0.02
	Environment step-size : 0.02
[INFO]: Sampling flat patches for sub-terrain at (row, col):  (0, 0)
[INFO]: Sampling flat patches for sub-terrain at (row, col):  (1, 0)
[INFO]: Sampling flat patches for sub-terrain at (row, col):  (2, 0)
[INFO]: Sampling flat patches for sub-terrain at (row, col):  (3, 0)
[INFO]: Sampling flat patches for sub-terrain at (row, col):  (4, 0)
[INFO]: Sampling flat patches for sub-terrain at (row, col):  (5, 0)
[INFO]: Sampling flat patches for sub-terrain at (row, col):  (6, 0)
[INFO]: Sampling flat patches for sub-terrain at (row, col):  (7, 0)
[INFO]: Sampling flat patches for sub-terrain at (row, col):  (8, 0)
[INFO]: Sampling flat patches for sub-terrain at (row, col):  (9, 0)
[INFO]: Sampling flat patches for sub-terrain at (row, col):  (0, 1)
[INFO]: Sampling flat patches for sub-terrain at (row, col):  (1, 1)
[INFO]: Sampling flat patches for sub-terrain at (row, col):  (2, 1)
[INFO]: Sampling flat patches for sub-terrain at (row, col):  (3, 1)
[INFO]: Sampling flat patches for sub-terrain at (row, col):  (4, 1)
[INFO]: Sampling flat patches for sub-terrain at (row, col):  (5, 1)
[INFO]: Sampling flat patches for sub-terrain at (row, col):  (6, 1)
[INFO]: Sampling flat patches for sub-terrain at (row, col):  (7, 1)
[INFO]: Sampling flat patches for sub-terrain at (row, col):  (8, 1)
[INFO]: Sampling flat patches for sub-terrain at (row, col):  (9, 1)
[INFO]: Sampling flat patches for sub-terrain at (row, col):  (0, 2)
[INFO]: Sampling flat patches for sub-terrain at (row, col):  (1, 2)
[INFO]: Sampling flat patches for sub-terrain at (row, col):  (2, 2)
[INFO]: Sampling flat patches for sub-terrain at (row, col):  (3, 2)
[INFO]: Sampling flat patches for sub-terrain at (row, col):  (4, 2)
[INFO]: Sampling flat patches for sub-terrain at (row, col):  (5, 2)
[INFO]: Sampling flat patches for sub-terrain at (row, col):  (6, 2)
[INFO]: Sampling flat patches for sub-terrain at (row, col):  (7, 2)
[INFO]: Sampling flat patches for sub-terrain at (row, col):  (8, 2)
[INFO]: Sampling flat patches for sub-terrain at (row, col):  (9, 2)
[INFO]: Sampling flat patches for sub-terrain at (row, col):  (0, 3)
[INFO]: Sampling flat patches for sub-terrain at (row, col):  (1, 3)
[INFO]: Sampling flat patches for sub-terrain at (row, col):  (2, 3)
[INFO]: Sampling flat patches for sub-terrain at (row, col):  (3, 3)
[INFO]: Sampling flat patches for sub-terrain at (row, col):  (4, 3)
[INFO]: Sampling flat patches for sub-terrain at (row, col):  (5, 3)
[INFO]: Sampling flat patches for sub-terrain at (row, col):  (6, 3)
[INFO]: Sampling flat patches for sub-terrain at (row, col):  (7, 3)
[INFO]: Sampling flat patches for sub-terrain at (row, col):  (8, 3)
[INFO]: Sampling flat patches for sub-terrain at (row, col):  (9, 3)
[INFO]: Sampling flat patches for sub-terrain at (row, col):  (0, 4)
[INFO]: Sampling flat patches for sub-terrain at (row, col):  (1, 4)
[INFO]: Sampling flat patches for sub-terrain at (row, col):  (2, 4)
[INFO]: Sampling flat patches for sub-terrain at (row, col):  (3, 4)
[INFO]: Sampling flat patches for sub-terrain at (row, col):  (4, 4)
[INFO]: Sampling flat patches for sub-terrain at (row, col):  (5, 4)
[INFO]: Sampling flat patches for sub-terrain at (row, col):  (6, 4)
[INFO]: Sampling flat patches for sub-terrain at (row, col):  (7, 4)
[INFO]: Sampling flat patches for sub-terrain at (row, col):  (8, 4)
[INFO]: Sampling flat patches for sub-terrain at (row, col):  (9, 4)
[INFO]: Sampling flat patches for sub-terrain at (row, col):  (0, 5)
[INFO]: Sampling flat patches for sub-terrain at (row, col):  (1, 5)
[INFO]: Sampling flat patches for sub-terrain at (row, col):  (2, 5)
[INFO]: Sampling flat patches for sub-terrain at (row, col):  (3, 5)
[INFO]: Sampling flat patches for sub-terrain at (row, col):  (4, 5)
[INFO]: Sampling flat patches for sub-terrain at (row, col):  (5, 5)
[INFO]: Sampling flat patches for sub-terrain at (row, col):  (6, 5)
[INFO]: Sampling flat patches for sub-terrain at (row, col):  (7, 5)
[INFO]: Sampling flat patches for sub-terrain at (row, col):  (8, 5)
[INFO]: Sampling flat patches for sub-terrain at (row, col):  (9, 5)
[INFO] Generating terrains based on curriculum took Last: 4.027841 s
[INFO]: Registered backend 'physx' for factory Articulation.
[INFO]: Registered backend 'physx' for factory ContactSensor.
[INFO]: Registered backend 'physx' for factory RayCaster.
[INFO]: Registered backend 'physx' for factory MultiMeshRayCasterCamera.
[INFO]: Physics scene prim path: /physicsScene
[INFO]: Time taken for scene creation Last: 6.052998 s, Mean: 6.052998 s, Std: 0.000000 s, N: 1
[INFO]: Scene manager:  <class InteractiveScene>
	Number of environments: 6
	Environment spacing   : 2.5
	Source prim name      : /World/envs/env_0
	Global prim paths     : ['/World/ground']
	Replicate physics     : True
[INFO]: Simulation parameters for joints in /World/envs/env_[^/]+/Robot:
+---------------------------------------------------------------------------------------------------------------------------------------------------------------------------------+
|                                                      Simulation Joint Information (Prim path: /World/envs/env_[^/]+/Robot)                                                      |
+-------+----------------------------+-----------+---------+----------+-----------------+------------------+------------------+-----------------+-----------------+---------------+
| Index | Name                       | Stiffness | Damping | Armature | Static Friction | Dynamic Friction | Viscous Friction | Position Limits | Velocity Limits | Effort Limits |
+-------+----------------------------+-----------+---------+----------+-----------------+------------------+------------------+-----------------+-----------------+---------------+
|   0   | left_hip_pitch_joint       |  100.000  |  2.000  |  0.010   |      0.000      |      0.000       |      0.000       | [-2.531, 2.880] |      32.000     |     88.000    |
|   1   | right_hip_pitch_joint      |  100.000  |  2.000  |  0.010   |      0.000      |      0.000       |      0.000       | [-2.531, 2.880] |      32.000     |     88.000    |
|   2   | waist_yaw_joint            |  200.000  |  5.000  |  0.010   |      0.000      |      0.000       |      0.000       | [-2.618, 2.618] |      32.000     |     88.000    |
|   3   | left_hip_roll_joint        |  100.000  |  2.000  |  0.010   |      0.000      |      0.000       |      0.000       | [-0.524, 2.967] |      20.000     |    139.000    |
|   4   | right_hip_roll_joint       |  100.000  |  2.000  |  0.010   |      0.000      |      0.000       |      0.000       | [-2.967, 0.524] |      20.000     |    139.000    |
|   5   | waist_roll_joint           |   40.000  |  5.000  |  0.010   |      0.000      |      0.000       |      0.000       | [-0.520, 0.520] |      37.000     |     25.000    |
|   6   | left_hip_yaw_joint         |  100.000  |  2.000  |  0.010   |      0.000      |      0.000       |      0.000       | [-2.758, 2.758] |      32.000     |     88.000    |
|   7   | right_hip_yaw_joint        |  100.000  |  2.000  |  0.010   |      0.000      |      0.000       |      0.000       | [-2.758, 2.758] |      32.000     |     88.000    |
|   8   | waist_pitch_joint          |   40.000  |  5.000  |  0.010   |      0.000      |      0.000       |      0.000       | [-0.520, 0.520] |      37.000     |     25.000    |
|   9   | left_knee_joint            |  150.000  |  4.000  |  0.010   |      0.000      |      0.000       |      0.000       | [-0.087, 2.880] |      20.000     |    139.000    |
|   10  | right_knee_joint           |  150.000  |  4.000  |  0.010   |      0.000      |      0.000       |      0.000       | [-0.087, 2.880] |      20.000     |    139.000    |
|   11  | left_shoulder_pitch_joint  |   40.000  |  1.000  |  0.010   |      0.000      |      0.000       |      0.000       | [-3.089, 2.670] |      37.000     |     25.000    |
|   12  | right_shoulder_pitch_joint |   40.000  |  1.000  |  0.010   |      0.000      |      0.000       |      0.000       | [-3.089, 2.670] |      37.000     |     25.000    |
|   13  | left_ankle_pitch_joint     |   40.000  |  2.000  |  0.010   |      0.000      |      0.000       |      0.000       | [-0.873, 0.524] |      37.000     |     25.000    |
|   14  | right_ankle_pitch_joint    |   40.000  |  2.000  |  0.010   |      0.000      |      0.000       |      0.000       | [-0.873, 0.524] |      37.000     |     25.000    |
|   15  | left_shoulder_roll_joint   |   40.000  |  1.000  |  0.010   |      0.000      |      0.000       |      0.000       | [-1.588, 2.251] |      37.000     |     25.000    |
|   16  | right_shoulder_roll_joint  |   40.000  |  1.000  |  0.010   |      0.000      |      0.000       |      0.000       | [-2.251, 1.588] |      37.000     |     25.000    |
|   17  | left_ankle_roll_joint      |   40.000  |  2.000  |  0.010   |      0.000      |      0.000       |      0.000       | [-0.262, 0.262] |      37.000     |     25.000    |
|   18  | right_ankle_roll_joint     |   40.000  |  2.000  |  0.010   |      0.000      |      0.000       |      0.000       | [-0.262, 0.262] |      37.000     |     25.000    |
|   19  | left_shoulder_yaw_joint    |   40.000  |  1.000  |  0.010   |      0.000      |      0.000       |      0.000       | [-2.618, 2.618] |      37.000     |     25.000    |
|   20  | right_shoulder_yaw_joint   |   40.000  |  1.000  |  0.010   |      0.000      |      0.000       |      0.000       | [-2.618, 2.618] |      37.000     |     25.000    |
|   21  | left_elbow_joint           |   40.000  |  1.000  |  0.010   |      0.000      |      0.000       |      0.000       | [-1.047, 2.094] |      37.000     |     25.000    |
|   22  | right_elbow_joint          |   40.000  |  1.000  |  0.010   |      0.000      |      0.000       |      0.000       | [-1.047, 2.094] |      37.000     |     25.000    |
|   23  | left_wrist_roll_joint      |   40.000  |  1.000  |  0.010   |      0.000      |      0.000       |      0.000       | [-1.972, 1.972] |      37.000     |     25.000    |
|   24  | right_wrist_roll_joint     |   40.000  |  1.000  |  0.010   |      0.000      |      0.000       |      0.000       | [-1.972, 1.972] |      37.000     |     25.000    |
|   25  | left_wrist_pitch_joint     |   40.000  |  1.000  |  0.010   |      0.000      |      0.000       |      0.000       | [-1.614, 1.614] |      22.000     |     5.000     |
|   26  | right_wrist_pitch_joint    |   40.000  |  1.000  |  0.010   |      0.000      |      0.000       |      0.000       | [-1.614, 1.614] |      22.000     |     5.000     |
|   27  | left_wrist_yaw_joint       |   40.000  |  1.000  |  0.010   |      0.000      |      0.000       |      0.000       | [-1.614, 1.614] |      22.000     |     5.000     |
|   28  | right_wrist_yaw_joint      |   40.000  |  1.000  |  0.010   |      0.000      |      0.000       |      0.000       | [-1.614, 1.614] |      22.000     |     5.000     |
+-------+----------------------------+-----------+---------+----------+-----------------+------------------+------------------+-----------------+-----------------+---------------+
[INFO]: Read mesh prim: /World/ground/terrain/mesh with 224352 vertices and 1278744 faces.
[INFO]: Read '1' mesh prims under path '/World/ground' with 213153 vertices and 426248 faces.
[INFO]: Read '2' mesh prims under path '/World/envs/env_0/Robot/pelvis/visuals' with 28675 vertices and 57318 faces.
[INFO]: Read '1' mesh prims under path '/World/envs/env_0/Robot/waist_yaw_link/visuals' with 6046 vertices and 12398 faces.
[INFO]: Read '1' mesh prims under path '/World/envs/env_0/Robot/waist_roll_link/visuals' with 858 vertices and 1716 faces.
[INFO]: Read '1' mesh prims under path '/World/envs/env_0/Robot/torso_link/visuals/torso_link_rev_1_0' with 25662 vertices and 51410 faces.
[INFO]: Read '1' mesh prims under path '/World/envs/env_0/Robot/torso_link/visuals/logo_link' with 2462 vertices and 4866 faces.
[INFO]: Read '1' mesh prims under path '/World/envs/env_0/Robot/left_hip_pitch_link/visuals' with 1811 vertices and 3632 faces.
[INFO]: Read '1' mesh prims under path '/World/envs/env_0/Robot/left_hip_roll_link/visuals' with 1925 vertices and 3842 faces.
[INFO]: Read '1' mesh prims under path '/World/envs/env_0/Robot/left_hip_yaw_link/visuals' with 2980 vertices and 5924 faces.
[INFO]: Read '1' mesh prims under path '/World/envs/env_0/Robot/left_knee_link/visuals' with 8558 vertices and 17096 faces.
[INFO]: Read '1' mesh prims under path '/World/envs/env_0/Robot/left_ankle_pitch_link/visuals' with 714 vertices and 1422 faces.
[INFO]: Read '1' mesh prims under path '/World/envs/env_0/Robot/left_ankle_roll_link/visuals' with 6543 vertices and 13066 faces.
[INFO]: Read '1' mesh prims under path '/World/envs/env_0/Robot/left_shoulder_pitch_link/visuals' with 1770 vertices and 3534 faces.
[INFO]: Read '1' mesh prims under path '/World/envs/env_0/Robot/left_shoulder_roll_link/visuals' with 4004 vertices and 8004 faces.
[INFO]: Read '1' mesh prims under path '/World/envs/env_0/Robot/left_shoulder_yaw_link/visuals' with 2492 vertices and 4982 faces.
[INFO]: Read '1' mesh prims under path '/World/envs/env_0/Robot/left_elbow_link/visuals' with 900 vertices and 1774 faces.
[INFO]: Read '1' mesh prims under path '/World/envs/env_0/Robot/left_wrist_roll_link/visuals' with 3563 vertices and 7122 faces.
[INFO]: Read '1' mesh prims under path '/World/envs/env_0/Robot/left_wrist_pitch_link/visuals' with 861 vertices and 1718 faces.
[INFO]: Read '2' mesh prims under path '/World/envs/env_0/Robot/left_wrist_yaw_link/visuals' with 26064 vertices and 52120 faces.
[INFO]: Read '1' mesh prims under path '/World/envs/env_0/Robot/right_hip_pitch_link/visuals' with 1807 vertices and 3624 faces.
[INFO]: Read '1' mesh prims under path '/World/envs/env_0/Robot/right_hip_roll_link/visuals' with 1930 vertices and 3852 faces.
[INFO]: Read '1' mesh prims under path '/World/envs/env_0/Robot/right_hip_yaw_link/visuals' with 2980 vertices and 5924 faces.
[INFO]: Read '1' mesh prims under path '/World/envs/env_0/Robot/right_knee_link/visuals' with 8532 vertices and 17044 faces.
[INFO]: Read '1' mesh prims under path '/World/envs/env_0/Robot/right_ankle_pitch_link/visuals' with 714 vertices and 1422 faces.
[INFO]: Read '1' mesh prims under path '/World/envs/env_0/Robot/right_ankle_roll_link/visuals' with 6547 vertices and 13074 faces.
[INFO]: Read '1' mesh prims under path '/World/envs/env_0/Robot/right_shoulder_pitch_link/visuals' with 1770 vertices and 3534 faces.
[INFO]: Read '1' mesh prims under path '/World/envs/env_0/Robot/right_shoulder_roll_link/visuals' with 4020 vertices and 8036 faces.
[INFO]: Read '1' mesh prims under path '/World/envs/env_0/Robot/right_shoulder_yaw_link/visuals' with 2500 vertices and 4998 faces.
[INFO]: Read '1' mesh prims under path '/World/envs/env_0/Robot/right_elbow_link/visuals' with 889 vertices and 1774 faces.
[INFO]: Read '1' mesh prims under path '/World/envs/env_0/Robot/right_wrist_roll_link/visuals' with 3562 vertices and 7120 faces.
[INFO]: Read '1' mesh prims under path '/World/envs/env_0/Robot/right_wrist_pitch_link/visuals' with 797 vertices and 1590 faces.
[INFO]: Read '2' mesh prims under path '/World/envs/env_0/Robot/right_wrist_yaw_link/visuals' with 25353 vertices and 50680 faces.
[INFO]: Time taken for simulation start Last: 2.087756 s, Mean: 2.087756 s, Std: 0.000000 s, N: 1
[Motion Data Manager] Loading motion data from /home/ljc/legged_lab_v3/source/legged_lab/legged_lab/data/MotionData/g1_29dof/amp/walk_and_run/B10_-__Walk_turn_left_45_stageii.pkl...
[Motion Data Manager] Loading motion data from /home/ljc/legged_lab_v3/source/legged_lab/legged_lab/data/MotionData/g1_29dof/amp/walk_and_run/B11_-__Walk_turn_left_135_stageii.pkl...
[Motion Data Manager] Loading motion data from /home/ljc/legged_lab_v3/source/legged_lab/legged_lab/data/MotionData/g1_29dof/amp/walk_and_run/B13_-__Walk_turn_right_90_stageii.pkl...
[Motion Data Manager] Loading motion data from /home/ljc/legged_lab_v3/source/legged_lab/legged_lab/data/MotionData/g1_29dof/amp/walk_and_run/B14_-__Walk_turn_right_45_t2_stageii.pkl...
[Motion Data Manager] Loading motion data from /home/ljc/legged_lab_v3/source/legged_lab/legged_lab/data/MotionData/g1_29dof/amp/walk_and_run/B15_-__Walk_turn_around_stageii.pkl...
[Motion Data Manager] Loading motion data from /home/ljc/legged_lab_v3/source/legged_lab/legged_lab/data/MotionData/g1_29dof/amp/walk_and_run/B22_-__side_step_left_stageii.pkl...
[Motion Data Manager] Loading motion data from /home/ljc/legged_lab_v3/source/legged_lab/legged_lab/data/MotionData/g1_29dof/amp/walk_and_run/B23_-__side_step_right_stageii.pkl...
[Motion Data Manager] Loading motion data from /home/ljc/legged_lab_v3/source/legged_lab/legged_lab/data/MotionData/g1_29dof/amp/walk_and_run/B4_-_Stand_to_Walk_backwards_stageii.pkl...
[Motion Data Manager] Loading motion data from /home/ljc/legged_lab_v3/source/legged_lab/legged_lab/data/MotionData/g1_29dof/amp/walk_and_run/B9_-__Walk_turn_left_90_stageii.pkl...
[Motion Data Manager] Loading motion data from /home/ljc/legged_lab_v3/source/legged_lab/legged_lab/data/MotionData/g1_29dof/amp/walk_and_run/C11_-_run_turn_left_90_stageii.pkl...
[Motion Data Manager] Loading motion data from /home/ljc/legged_lab_v3/source/legged_lab/legged_lab/data/MotionData/g1_29dof/amp/walk_and_run/C12_-_run_turn_left_45_stageii.pkl...
[Motion Data Manager] Loading motion data from /home/ljc/legged_lab_v3/source/legged_lab/legged_lab/data/MotionData/g1_29dof/amp/walk_and_run/C13_-_run_turn_left_135_stageii.pkl...
[Motion Data Manager] Loading motion data from /home/ljc/legged_lab_v3/source/legged_lab/legged_lab/data/MotionData/g1_29dof/amp/walk_and_run/C14_-_run_turn_right_90_stageii.pkl...
[Motion Data Manager] Loading motion data from /home/ljc/legged_lab_v3/source/legged_lab/legged_lab/data/MotionData/g1_29dof/amp/walk_and_run/C15_-_run_turn_right_45_stageii.pkl...
[Motion Data Manager] Loading motion data from /home/ljc/legged_lab_v3/source/legged_lab/legged_lab/data/MotionData/g1_29dof/amp/walk_and_run/C16_-_run_turn_right_135_stageii.pkl...
[Motion Data Manager] Loading motion data from /home/ljc/legged_lab_v3/source/legged_lab/legged_lab/data/MotionData/g1_29dof/amp/walk_and_run/C17_-_run_change_direction_stageii.pkl...
[Motion Data Manager] Loading motion data from /home/ljc/legged_lab_v3/source/legged_lab/legged_lab/data/MotionData/g1_29dof/amp/walk_and_run/C1_-_stand_to_run_stageii.pkl...
[Motion Data Manager] Loading motion data from /home/ljc/legged_lab_v3/source/legged_lab/legged_lab/data/MotionData/g1_29dof/amp/walk_and_run/C3_-_run_stageii.pkl...
[Motion Data Manager] Loading motion data from /home/ljc/legged_lab_v3/source/legged_lab/legged_lab/data/MotionData/g1_29dof/amp/walk_and_run/C4_-_run_to_walk_a_stageii.pkl...
[Motion Data Manager] Loading motion data from /home/ljc/legged_lab_v3/source/legged_lab/legged_lab/data/MotionData/g1_29dof/amp/walk_and_run/C5_-_walk_to_run_stageii.pkl...
[Motion Data Manager] Loading motion data from /home/ljc/legged_lab_v3/source/legged_lab/legged_lab/data/MotionData/g1_29dof/amp/walk_and_run/C6_-_stand_to_run_backwards_stageii.pkl...
[Motion Data Manager] Loading motion data from /home/ljc/legged_lab_v3/source/legged_lab/legged_lab/data/MotionData/g1_29dof/amp/walk_and_run/C8_-_run_backwards_to_stand_stageii.pkl...
[Motion Data Manager] Loading motion data from /home/ljc/legged_lab_v3/source/legged_lab/legged_lab/data/MotionData/g1_29dof/amp/walk_and_run/C9_-_run_backwards_turn_run_forward_stageii.pkl...
[Motion Data Manager] Loading motion data from /home/ljc/legged_lab_v3/source/legged_lab/legged_lab/data/MotionData/g1_29dof/amp/walk_and_run/Walk_B10_-_Walk_turn_left_45_stageii.pkl...
[Motion Data Manager] Loading motion data from /home/ljc/legged_lab_v3/source/legged_lab/legged_lab/data/MotionData/g1_29dof/amp/walk_and_run/Walk_B13_-_Walk_turn_right_45_stageii.pkl...
[Motion Data Manager] Loading motion data from /home/ljc/legged_lab_v3/source/legged_lab/legged_lab/data/MotionData/g1_29dof/amp/walk_and_run/Walk_B15_-_Walk_turn_around_stageii.pkl...
[Motion Data Manager] Loading motion data from /home/ljc/legged_lab_v3/source/legged_lab/legged_lab/data/MotionData/g1_29dof/amp/walk_and_run/Walk_B16_-_Walk_turn_change_stageii.pkl...
[Motion Data Manager] Loading motion data from /home/ljc/legged_lab_v3/source/legged_lab/legged_lab/data/MotionData/g1_29dof/amp/walk_and_run/Walk_B22_-_Side_step_left_stageii.pkl...
[Motion Data Manager] Loading motion data from /home/ljc/legged_lab_v3/source/legged_lab/legged_lab/data/MotionData/g1_29dof/amp/walk_and_run/Walk_B23_-_Side_step_right_stageii.pkl...
[Motion Data Manager] Loading motion data from /home/ljc/legged_lab_v3/source/legged_lab/legged_lab/data/MotionData/g1_29dof/amp/walk_and_run/Walk_B4_-_Stand_to_Walk_Back_stageii.pkl...
[INFO] Motion Data Manager:  <MotionDataManager> contains 1 active terms.
+---------------------------------------------+
|          Motion Data Manager Terms          |
+-------+----------------+--------------------+
| Index | Motion Dataset |     Total Duration |
+-------+----------------+--------------------+
|   0   | motion_dataset | 156.15550231933594 |
+-------+----------------+--------------------+

[INFO] Animation Manager:  <AnimationManager> contains 1 active terms.
+--------------------------------------------------------------------------------------+
|                               Animation Manager Terms                                |
+-------+-----------+------------------+------------------+-------------+--------------+
| Index | Term Name | Motion Data Term | Num Steps to Use | Random Init | Random Fetch |
+-------+-----------+------------------+------------------+-------------+--------------+
|   0   | animation |  motion_dataset  |        10        |     True    |     True     |
+-------+-----------+------------------+------------------+-------------+--------------+

[TargetCommand] resample=8-12 s; gains=(2,2); yaw=+-1 rad/s; stop_radius=0.4 m; standing=5%; speed_caps={'pyramid_stairs': (0.45, 0.8), 'pyramid_stairs_inv': (0.45, 0.8), 'boxes': (0.45, 0.8), 'random_rough': (0.45, 1.0), 'hf_pyramid_slope': (0.45, 0.8), 'hf_pyramid_slope_inv': (0.45, 0.8)}
[INFO] Command Manager:  <CommandManager> contains 1 active terms.
+-----------------------------------------------+
|              Active Command Terms             |
+-------+---------------+-----------------------+
| Index | Name          |          Type         |
+-------+---------------+-----------------------+
|   0   | base_velocity | TargetVelocityCommand |
+-------+---------------+-----------------------+

[INFO] Event Manager:  <EventManager> contains 2 active terms.
+--------------------------------------+
| Active Event Terms in Mode: 'startup' |
+----------+---------------------------+
|  Index   | Name                      |
+----------+---------------------------+
|    0     | physics_material          |
|    1     | add_base_mass             |
+----------+---------------------------+
+---------------------------------------+
|  Active Event Terms in Mode: 'reset'  |
+--------+------------------------------+
| Index  | Name                         |
+--------+------------------------------+
|   0    | base_external_force_torque   |
|   1    | reset_base                   |
|   2    | reset_robot_joints           |
+--------+------------------------------+

[INFO] Recorder Manager:  <RecorderManager> contains 0 active terms.
+---------------------+
| Active Recorder Terms |
+-----------+---------+
|   Index   | Name    |
+-----------+---------+
+-----------+---------+

[INFO]: Resolved joint names for the action term JointPositionAction: ['left_hip_pitch_joint', 'right_hip_pitch_joint', 'waist_yaw_joint', 'left_hip_roll_joint', 'right_hip_roll_joint', 'waist_roll_joint', 'left_hip_yaw_joint', 'right_hip_yaw_joint', 'waist_pitch_joint', 'left_knee_joint', 'right_knee_joint', 'left_shoulder_pitch_joint', 'right_shoulder_pitch_joint', 'left_ankle_pitch_joint', 'right_ankle_pitch_joint', 'left_shoulder_roll_joint', 'right_shoulder_roll_joint', 'left_ankle_roll_joint', 'right_ankle_roll_joint', 'left_shoulder_yaw_joint', 'right_shoulder_yaw_joint', 'left_elbow_joint', 'right_elbow_joint', 'left_wrist_roll_joint', 'right_wrist_roll_joint', 'left_wrist_pitch_joint', 'right_wrist_pitch_joint', 'left_wrist_yaw_joint', 'right_wrist_yaw_joint'] [tensor([ 0,  1,  2,  3,  4,  5,  6,  7,  8,  9, 10, 11, 12, 13, 14, 15, 16, 17,
        18, 19, 20, 21, 22, 23, 24, 25, 26, 27, 28], device='cuda:0',
       dtype=torch.int32)]
[INFO] Action Manager:  <ActionManager> contains 1 active terms.
+------------------------------------+
|  Active Action Terms (shape: 29)   |
+--------+-------------+-------------+
| Index  | Name        |   Dimension |
+--------+-------------+-------------+
|   0    | joint_pos   |          29 |
+--------+-------------+-------------+

[INFO] Observation Manager: <ObservationManager> contains 5 groups.
+------------------------------------------------------------+
| Active Observation Terms in Group: 'policy' (shape: (495,)) |
+----------+-------------------------------------+-----------+
|  Index   | Name                                |   Shape   |
+----------+-------------------------------------+-----------+
|    0     | base_ang_vel                        |   (15,)   |
|    1     | root_local_rot_tan_norm             |   (30,)   |
|    2     | velocity_commands                   |   (15,)   |
|    3     | joint_pos                           |   (145,)  |
|    4     | joint_vel                           |   (145,)  |
|    5     | actions                             |   (145,)  |
+----------+-------------------------------------+-----------+
+------------------------------------------------------------+
| Active Observation Terms in Group: 'critic' (shape: (600,)) |
+----------+-------------------------------------+-----------+
|  Index   | Name                                |   Shape   |
+----------+-------------------------------------+-----------+
|    0     | base_lin_vel                        |   (15,)   |
|    1     | base_ang_vel                        |   (15,)   |
|    2     | root_local_rot_tan_norm             |   (30,)   |
|    3     | velocity_commands                   |   (15,)   |
|    4     | joint_pos                           |   (145,)  |
|    5     | joint_vel                           |   (145,)  |
|    6     | actions                             |   (145,)  |
|    7     | key_body_pos_b                      |   (90,)   |
+----------+-------------------------------------+-----------+
+------------------------------------------------------+
| Active Observation Terms in Group: 'disc' (shape: (10, 67)) |
+---------------+---------------+----------------------+
|     Index     | Name          |        Shape         |
+---------------+---------------+----------------------+
|       0       | state         |       (10, 67)       |
+---------------+---------------+----------------------+
+---------------------------------------------------------+
| Active Observation Terms in Group: 'disc_demo' (shape: (10, 67)) |
+----------------+----------------+-----------------------+
|     Index      | Name           |         Shape         |
+----------------+----------------+-----------------------+
|       0        | state          |        (10, 67)       |
+----------------+----------------+-----------------------+
+----------------------------------------------------------+
| Active Observation Terms in Group: 'depth' (shape: (8, 18, 32)) |
+--------------+--------------+----------------------------+
|    Index     | Name         |           Shape            |
+--------------+--------------+----------------------------+
|      0       | image        |        (8, 18, 32)         |
+--------------+--------------+----------------------------+

[INFO] Termination Manager:  <TerminationManager> contains 4 active terms.
+----------------------------------------+
|        Active Termination Terms        |
+-------+---------------------+----------+
| Index | Name                | Time Out |
+-------+---------------------+----------+
|   0   | time_out            |   True   |
|   1   | base_contact        |  False   |
|   2   | base_height         |  False   |
|   3   | excessive_body_tilt |  False   |
+-------+---------------------+----------+

[INFO] Reward Manager:  <RewardManager> contains 18 active terms.
+--------------------------------------------+
|            Active Reward Terms             |
+-------+------------------------+-----------+
| Index | Name                   |    Weight |
+-------+------------------------+-----------+
|   0   | track_lin_vel_xy_exp   |       2.0 |
|   1   | track_ang_vel_z_exp    |       2.0 |
|   2   | lin_vel_z_l2           |      -0.2 |
|   3   | ang_vel_xy_l2          |     -0.05 |
|   4   | dof_torques_l2         |  -1.5e-07 |
|   5   | dof_acc_l2             | -1.25e-07 |
|   6   | action_rate_l2         |    -0.005 |
|   7   | dof_pos_limits         |      -1.0 |
|   8   | feet_air_time          |       0.5 |
|   9   | feet_slide             |      -0.1 |
|   10  | undesired_arm_contacts |      -1.0 |
|   11  | termination_penalty    |    -200.0 |
|   12  | feet_support           |     -0.25 |
|   13  | feet_edge              |      -0.1 |
|   14  | dont_wait              |      -0.5 |
|   15  | heading_error          |      -1.0 |
|   16  | stand_still            |      -0.3 |
|   17  | upright_body           |      -3.0 |
+-------+------------------------+-----------+

[INFO] Curriculum Manager:  <CurriculumManager> contains 1 active terms.
+---------------------------+
|  Active Curriculum Terms  |
+--------+------------------+
| Index  | Name             |
+--------+------------------+
|   0    | terrain_levels   |
+--------+------------------+

[INFO]: Completed setting up the environment...
--------------------------------------------------------------------------------
Resolved observation sets: 
	 actor :  ['policy', 'depth']
	 critic :  ['critic', 'depth']
	 discriminator :  ['disc']
	 discriminator_demonstration :  ['disc_demo']
--------------------------------------------------------------------------------
[PPOAMP] Actor: CNNModel(
  (obs_normalizer): Identity()
  (distribution): GaussianDistribution()
  (mlp): MLP(
    (0): Linear(in_features=559, out_features=256, bias=True)
    (1): ELU(alpha=1.0)
    (2): Linear(in_features=256, out_features=128, bias=True)
    (3): ELU(alpha=1.0)
    (4): Linear(in_features=128, out_features=29, bias=True)
  )
  (cnns): ModuleDict(
    (depth): CNN(
      (0): Conv2d(8, 16, kernel_size=(5, 5), stride=(2, 2))
      (1): ELU(alpha=1.0)
      (2): Conv2d(16, 32, kernel_size=(3, 3), stride=(2, 2))
      (3): ELU(alpha=1.0)
      (4): Conv2d(32, 32, kernel_size=(3, 3), stride=(2, 2))
      (5): ELU(alpha=1.0)
      (6): Flatten(start_dim=1, end_dim=-1)
    )
  )
)
[PPOAMP] Critic: CNNModel(
  (obs_normalizer): Identity()
  (mlp): MLP(
    (0): Linear(in_features=664, out_features=256, bias=True)
    (1): ELU(alpha=1.0)
    (2): Linear(in_features=256, out_features=128, bias=True)
    (3): ELU(alpha=1.0)
    (4): Linear(in_features=128, out_features=1, bias=True)
  )
  (cnns): ModuleDict(
    (depth): CNN(
      (0): Conv2d(8, 16, kernel_size=(5, 5), stride=(2, 2))
      (1): ELU(alpha=1.0)
      (2): Conv2d(16, 32, kernel_size=(3, 3), stride=(2, 2))
      (3): ELU(alpha=1.0)
      (4): Conv2d(32, 32, kernel_size=(3, 3), stride=(2, 2))
      (5): ELU(alpha=1.0)
      (6): Flatten(start_dim=1, end_dim=-1)
    )
  )
)
AMP Discriminator trunk: Sequential(
  (0): Linear(in_features=670, out_features=1024, bias=True)
  (1): ReLU()
  (2): Linear(in_features=1024, out_features=512, bias=True)
  (3): ReLU()
)
AMP Discriminator linear: Linear(in_features=512, out_features=1, bias=True)
PASS {"task": "LeggedLab-Isaac-AMP-Depth-Target-G1-v2", "device": "cuda:0", "num_envs": 6, "observation_shapes": {"policy": [6, 495], "critic": [6, 600], "depth": [6, 8, 18, 32], "disc": [6, 10, 67], "disc_demo": [6, 10, 67]}, "terrain_columns": ["pyramid_stairs", "pyramid_stairs_inv", "boxes", "random_rough", "hf_pyramid_slope", "hf_pyramid_slope_inv"], "standing_resets": [{"max_joint_position_offset_rad": 0.149796262383461, "max_root_xy_offset_m": 0.07452774047851562, "max_root_velocity_component": 0.19817277789115906}, {"max_joint_position_offset_rad": 0.1452542245388031, "max_root_xy_offset_m": 0.09662246704101562, "max_root_velocity_component": 0.17254211008548737}, {"max_joint_position_offset_rad": 0.1484851986169815, "max_root_xy_offset_m": 0.09400081634521484, "max_root_velocity_component": 0.16584159433841705}], "reference_joint_temporal_delta_max_rad": 0.2745567560195923, "partial_reset_preserves_other_commands_and_metrics": true, "learnable_std_parameters": ["log_std_param"], "initial_action_std": 0.5, "amp_profile": {"normalizer": "Identity", "optimizer": "AdamW", "gradient_penalty_data": "agent_demo", "equation": "mixed = task + 0.25 * clamp(1 - 0.25 * (D - 1)^2, min=0)", "style_reward_unchanged_when_dt_halved": true, "max_reward_formula_error": 0.0, "untrained_agent_style_reward": {"count": 6, "min": 0.1815374195575714, "mean": 0.18222010135650635, "max": 0.18354672193527222, "p05": 0.1815815269947052, "p50": 0.1821226328611374, "p95": 0.18322938680648804}}, "standing_body_link_heights_m": {"pelvis": {"count": 6, "min": 0.800000011920929, "mean": 0.8000000715255737, "max": 0.8000000715255737, "p05": 0.800000011920929, "p50": 0.800000011920929, "p95": 0.8000000715255737}, "torso_link": {"count": 6, "min": 0.843999981880188, "mean": 0.8440000414848328, "max": 0.8440000414848328, "p05": 0.843999981880188, "p50": 0.843999981880188, "p95": 0.8440000414848328}, "left_ankle_roll_link": {"count": 6, "min": 0.04719793051481247, "mean": 0.053202398121356964, "max": 0.05796152353286743, "p05": 0.047921858727931976, "p50": 0.05403216555714607, "p95": 0.057445377111434937}, "right_ankle_roll_link": {"count": 6, "min": 0.05240097641944885, "mean": 0.05841391533613205, "max": 0.06836186349391937, "p05": 0.05295639485120773, "p50": 0.05617325007915497, "p95": 0.06695926934480667}, "torso_minus_pelvis_m": {"count": 6, "min": 0.04399991035461426, "mean": 0.043999992311000824, "max": 0.04400002956390381, "p05": 0.04399992525577545, "p50": 0.04399999976158142, "p95": 0.04400002956390381}}, "reference_dataset": {"scope": "All original stored frames; frame-weighted statistics, not training sampling probabilities. Root Z is the dataset's pelvis height above its reference ground plane.", "root_height_m": {"count": 4703, "min": 0.6025592088699341, "mean": 0.7784072756767273, "max": 0.9165072441101074, "p05": 0.7050653100013733, "p50": 0.7835396528244019, "p95": 0.8473612070083618}, "pelvis_tilt_rad": {"count": 4703, "min": 0.0007720404537394643, "mean": 0.09450550377368927, "max": 0.5510538816452026, "p05": 0.016337916254997253, "p50": 0.07138443738222122, "p95": 0.259974867105484}, "left_knee_rad": {"count": 4703, "min": -0.08649830520153046, "mean": 0.46203550696372986, "max": 2.239241600036621, "p05": 0.0034891024697571993, "p50": 0.33395761251449585, "p95": 1.285022497177124}, "right_knee_rad": {"count": 4703, "min": 0.021636195480823517, "mean": 0.5195720791816711, "max": 2.324298858642578, "p05": 0.09842187166213989, "p50": 0.3901515007019043, "p95": 1.336693286895752}, "clips": {"B10_-__Walk_turn_left_45_stageii": {"sampling_probability": 0.03333333507180214, "root_height_m": {"count": 179, "min": 0.7087900638580322, "mean": 0.7491765022277832, "max": 0.8035043478012085, "p05": 0.7201207280158997, "p50": 0.750321090221405, "p95": 0.7743255496025085}, "knees_rad": {"count": 358, "min": 0.02252047508955002, "mean": 0.46342501044273376, "max": 1.3171225786209106, "p05": 0.10762474685907364, "p50": 0.40820980072021484, "p95": 1.1023552417755127}}, "B11_-__Walk_turn_left_135_stageii": {"sampling_probability": 0.03333333507180214, "root_height_m": {"count": 194, "min": 0.7111316323280334, "mean": 0.7465035319328308, "max": 0.7855098247528076, "p05": 0.7186291813850403, "p50": 0.7475904226303101, "p95": 0.7766053080558777}, "knees_rad": {"count": 388, "min": 0.004320151638239622, "mean": 0.49340739846229553, "max": 1.2032500505447388, "p05": 0.1357918083667755, "p50": 0.43649426102638245, "p95": 1.114270567893982}}, "B13_-__Walk_turn_right_90_stageii": {"sampling_probability": 0.03333333507180214, "root_height_m": {"count": 168, "min": 0.7423308491706848, "mean": 0.7852174043655396, "max": 0.8161125183105469, "p05": 0.7553606629371643, "p50": 0.7864246368408203, "p95": 0.8131954669952393}, "knees_rad": {"count": 336, "min": 0.020696599036455154, "mean": 0.48459362983703613, "max": 1.1952491998672485, "p05": 0.11354201287031174, "p50": 0.42880749702453613, "p95": 1.1034507751464844}}, "B14_-__Walk_turn_right_45_t2_stageii": {"sampling_probability": 0.03333333507180214, "root_height_m": {"count": 174, "min": 0.7226257920265198, "mean": 0.7630769610404968, "max": 0.7967919111251831, "p05": 0.7282088994979858, "p50": 0.7640951871871948, "p95": 0.7960450649261475}, "knees_rad": {"count": 348, "min": -0.01579578034579754, "mean": 0.4461910128593445, "max": 1.3013230562210083, "p05": 0.045289888978004456, "p50": 0.3702709376811981, "p95": 1.1392320394515991}}, "B15_-__Walk_turn_around_stageii": {"sampling_probability": 0.03333333507180214, "root_height_m": {"count": 225, "min": 0.72566819190979, "mean": 0.772698163986206, "max": 0.8015949726104736, "p05": 0.7479291558265686, "p50": 0.7754020094871521, "p95": 0.7949742078781128}, "knees_rad": {"count": 450, "min": -0.00302765890955925, "mean": 0.4941480755805969, "max": 1.1887394189834595, "p05": 0.1089460551738739, "p50": 0.47628122568130493, "p95": 1.095259189605713}}, "B22_-__side_step_left_stageii": {"sampling_probability": 0.03333333507180214, "root_height_m": {"count": 74, "min": 0.6993550062179565, "mean": 0.7559267282485962, "max": 0.7676091194152832, "p05": 0.708396315574646, "p50": 0.7646032571792603, "p95": 0.7672918438911438}, "knees_rad": {"count": 148, "min": 0.05045637860894203, "mean": 0.2834935784339905, "max": 0.7266533374786377, "p05": 0.06383571028709412, "p50": 0.19896569848060608, "p95": 0.6333928108215332}}, "B23_-__side_step_right_stageii": {"sampling_probability": 0.03333333507180214, "root_height_m": {"count": 90, "min": 0.676462709903717, "mean": 0.7511521577835083, "max": 0.7661018967628479, "p05": 0.685356855392456, "p50": 0.764464259147644, "p95": 0.7656901478767395}, "knees_rad": {"count": 180, "min": -0.008400854654610157, "mean": 0.2556857168674469, "max": 0.9362829327583313, "p05": 0.004373636562377214, "p50": 0.10590949654579163, "p95": 0.772992730140686}}, "B4_-_Stand_to_Walk_backwards_stageii": {"sampling_probability": 0.03333333507180214, "root_height_m": {"count": 138, "min": 0.7308454513549805, "mean": 0.7665297389030457, "max": 0.7986682653427124, "p05": 0.7344241142272949, "p50": 0.7696475386619568, "p95": 0.7905637621879578}, "knees_rad": {"count": 276, "min": 0.010038098320364952, "mean": 0.4450741112232208, "max": 0.9481561183929443, "p05": 0.07374115288257599, "p50": 0.4086894392967224, "p95": 0.8246937990188599}}, "B9_-__Walk_turn_left_90_stageii": {"sampling_probability": 0.03333333507180214, "root_height_m": {"count": 151, "min": 0.7130712866783142, "mean": 0.7441945672035217, "max": 0.7782076001167297, "p05": 0.7208743095397949, "p50": 0.7453089356422424, "p95": 0.7693578004837036}, "knees_rad": {"count": 302, "min": -0.033094242215156555, "mean": 0.4804641902446747, "max": 1.2385369539260864, "p05": 0.10808213800191879, "p50": 0.42320799827575684, "p95": 1.107385516166687}}, "C11_-_run_turn_left_90_stageii": {"sampling_probability": 0.03333333507180214, "root_height_m": {"count": 84, "min": 0.6294331550598145, "mean": 0.7244371771812439, "max": 0.7871827483177185, "p05": 0.637871265411377, "p50": 0.7331693768501282, "p95": 0.7768434286117554}, "knees_rad": {"count": 168, "min": 0.16179367899894714, "mean": 0.8997188210487366, "max": 1.8683668375015259, "p05": 0.27586421370506287, "p50": 0.8228455185890198, "p95": 1.7039741277694702}}, "C12_-_run_turn_left_45_stageii": {"sampling_probability": 0.03333333507180214, "root_height_m": {"count": 66, "min": 0.6315374970436096, "mean": 0.7140324115753174, "max": 0.8091485500335693, "p05": 0.6473420858383179, "p50": 0.7054443359375, "p95": 0.7974733114242554}, "knees_rad": {"count": 132, "min": 0.02636134624481201, "mean": 0.9064251780509949, "max": 2.1633574962615967, "p05": 0.2869719862937927, "p50": 0.7959029078483582, "p95": 1.8230880498886108}}, "C13_-_run_turn_left_135_stageii": {"sampling_probability": 0.03333333507180214, "root_height_m": {"count": 92, "min": 0.6027420163154602, "mean": 0.7033733129501343, "max": 0.7870810627937317, "p05": 0.6107098460197449, "p50": 0.7229589819908142, "p95": 0.7692872881889343}, "knees_rad": {"count": 184, "min": 0.1312466710805893, "mean": 0.9588819742202759, "max": 1.9293090105056763, "p05": 0.27399489283561707, "p50": 0.9532608985900879, "p95": 1.6807163953781128}}, "C14_-_run_turn_right_90_stageii": {"sampling_probability": 0.03333333507180214, "root_height_m": {"count": 95, "min": 0.6479747295379639, "mean": 0.7447015643119812, "max": 0.8136402368545532, "p05": 0.6564487814903259, "p50": 0.749943196773529, "p95": 0.8062836527824402}, "knees_rad": {"count": 190, "min": 0.013931572437286377, "mean": 0.9657159447669983, "max": 2.0222253799438477, "p05": 0.2670903503894806, "p50": 0.9395090341567993, "p95": 1.6985588073730469}}, "C15_-_run_turn_right_45_stageii": {"sampling_probability": 0.03333333507180214, "root_height_m": {"count": 94, "min": 0.6684179306030273, "mean": 0.7729564905166626, "max": 0.8438519239425659, "p05": 0.6902713179588318, "p50": 0.7787539958953857, "p95": 0.8263872265815735}, "knees_rad": {"count": 188, "min": 0.07426881790161133, "mean": 0.8651853203773499, "max": 1.879132628440857, "p05": 0.27992260456085205, "p50": 0.8131487369537354, "p95": 1.5917857885360718}}, "C16_-_run_turn_right_135_stageii": {"sampling_probability": 0.03333333507180214, "root_height_m": {"count": 94, "min": 0.6025592088699341, "mean": 0.7093190550804138, "max": 0.8098751306533813, "p05": 0.6096065640449524, "p50": 0.7212956547737122, "p95": 0.785413384437561}, "knees_rad": {"count": 188, "min": 0.06778375059366226, "mean": 1.0356571674346924, "max": 2.016005277633667, "p05": 0.29167404770851135, "p50": 0.9915261268615723, "p95": 1.8130826950073242}}, "C17_-_run_change_direction_stageii": {"sampling_probability": 0.03333333507180214, "root_height_m": {"count": 91, "min": 0.6798463463783264, "mean": 0.7796508073806763, "max": 0.8539109230041504, "p05": 0.7023717761039734, "p50": 0.7800200581550598, "p95": 0.8381515741348267}, "knees_rad": {"count": 182, "min": 0.09190286695957184, "mean": 0.8503738641738892, "max": 2.0118227005004883, "p05": 0.25522923469543457, "p50": 0.7831159234046936, "p95": 1.7600549459457397}}, "C1_-_stand_to_run_stageii": {"sampling_probability": 0.03333333507180214, "root_height_m": {"count": 122, "min": 0.6385992765426636, "mean": 0.7358071208000183, "max": 0.8167718052864075, "p05": 0.654047966003418, "p50": 0.7562962174415588, "p95": 0.7803971171379089}, "knees_rad": {"count": 244, "min": 0.03266569599509239, "mean": 0.5441524982452393, "max": 2.1529252529144287, "p05": 0.05343499407172203, "p50": 0.3625762462615967, "p95": 1.5669901371002197}}, "C3_-_run_stageii": {"sampling_probability": 0.03333333507180214, "root_height_m": {"count": 81, "min": 0.7414796948432922, "mean": 0.8259791731834412, "max": 0.9165072441101074, "p05": 0.7718690037727356, "p50": 0.8267993927001953, "p95": 0.8968227505683899}, "knees_rad": {"count": 162, "min": 0.1471954584121704, "mean": 0.9391584396362305, "max": 2.324298858642578, "p05": 0.2518182098865509, "p50": 0.7636033892631531, "p95": 2.0603551864624023}}, "C4_-_run_to_walk_a_stageii": {"sampling_probability": 0.03333333507180214, "root_height_m": {"count": 115, "min": 0.6877953410148621, "mean": 0.7358937859535217, "max": 0.7968795299530029, "p05": 0.695289134979248, "p50": 0.736506998538971, "p95": 0.7847542762756348}, "knees_rad": {"count": 230, "min": 0.03704465925693512, "mean": 0.6469749212265015, "max": 2.0754051208496094, "p05": 0.12298916280269623, "p50": 0.5852822065353394, "p95": 1.4145753383636475}}, "C5_-_walk_to_run_stageii": {"sampling_probability": 0.03333333507180214, "root_height_m": {"count": 107, "min": 0.6765351295471191, "mean": 0.7434686422348022, "max": 0.8405582308769226, "p05": 0.6896318197250366, "p50": 0.7438007593154907, "p95": 0.8089349865913391}, "knees_rad": {"count": 214, "min": -0.01847054623067379, "mean": 0.7342313528060913, "max": 2.175100088119507, "p05": 0.06574308127164841, "p50": 0.625065803527832, "p95": 1.9152610301971436}}, "C6_-_stand_to_run_backwards_stageii": {"sampling_probability": 0.03333333507180214, "root_height_m": {"count": 174, "min": 0.7436995506286621, "mean": 0.8372776508331299, "max": 0.8758378624916077, "p05": 0.7894213199615479, "p50": 0.8473576307296753, "p95": 0.8650951385498047}, "knees_rad": {"count": 348, "min": 0.003233960596844554, "mean": 0.4265483021736145, "max": 1.7843743562698364, "p05": 0.027441684156656265, "p50": 0.2194105088710785, "p95": 1.3189784288406372}}, "C8_-_run_backwards_to_stand_stageii": {"sampling_probability": 0.03333333507180214, "root_height_m": {"count": 120, "min": 0.7142431735992432, "mean": 0.775547981262207, "max": 0.8252761363983154, "p05": 0.737819254398346, "p50": 0.7787919640541077, "p95": 0.8132523894309998}, "knees_rad": {"count": 240, "min": 0.03648201376199722, "mean": 0.6021851897239685, "max": 1.8123894929885864, "p05": 0.052162282168865204, "p50": 0.550395131111145, "p95": 1.400546908378601}}, "C9_-_run_backwards_turn_run_forward_stageii": {"sampling_probability": 0.03333333507180214, "root_height_m": {"count": 107, "min": 0.6533704996109009, "mean": 0.7517284750938416, "max": 0.8274877667427063, "p05": 0.6732169985771179, "p50": 0.7578127980232239, "p95": 0.815739631652832}, "knees_rad": {"count": 214, "min": 0.08887886255979538, "mean": 0.787972629070282, "max": 2.177708148956299, "p05": 0.22091056406497955, "p50": 0.7130320072174072, "p95": 1.8107537031173706}}, "Walk_B10_-_Walk_turn_left_45_stageii": {"sampling_probability": 0.03333333507180214, "root_height_m": {"count": 252, "min": 0.764569103717804, "mean": 0.800201952457428, "max": 0.8323479890823364, "p05": 0.7728261351585388, "p50": 0.8000286221504211, "p95": 0.829594612121582}, "knees_rad": {"count": 504, "min": -0.03556166589260101, "mean": 0.3814178705215454, "max": 1.1433693170547485, "p05": 0.06012475863099098, "p50": 0.25657662749290466, "p95": 1.0478675365447998}}, "Walk_B13_-_Walk_turn_right_45_stageii": {"sampling_probability": 0.03333333507180214, "root_height_m": {"count": 279, "min": 0.75810307264328, "mean": 0.8155766129493713, "max": 0.8440917730331421, "p05": 0.782307505607605, "p50": 0.8165140748023987, "p95": 0.8428071141242981}, "knees_rad": {"count": 558, "min": -0.03266196697950363, "mean": 0.36374253034591675, "max": 1.1769230365753174, "p05": -0.000196670152945444, "p50": 0.24040648341178894, "p95": 1.0546989440917969}}, "Walk_B15_-_Walk_turn_around_stageii": {"sampling_probability": 0.03333333507180214, "root_height_m": {"count": 341, "min": 0.7625508308410645, "mean": 0.7966870665550232, "max": 0.826430082321167, "p05": 0.7726136445999146, "p50": 0.7930078506469727, "p95": 0.8221992254257202}, "knees_rad": {"count": 682, "min": -0.0352201983332634, "mean": 0.3565928339958191, "max": 1.173077940940857, "p05": 0.033491041511297226, "p50": 0.23761962354183197, "p95": 1.0164762735366821}}, "Walk_B16_-_Walk_turn_change_stageii": {"sampling_probability": 0.03333333507180214, "root_height_m": {"count": 363, "min": 0.7601592540740967, "mean": 0.8016182780265808, "max": 0.8233771324157715, "p05": 0.7737316489219666, "p50": 0.8038777112960815, "p95": 0.8219481706619263}, "knees_rad": {"count": 726, "min": -0.024971043691039085, "mean": 0.3083159029483795, "max": 1.1125026941299438, "p05": 0.016426395624876022, "p50": 0.1947203278541565, "p95": 0.9849439263343811}}, "Walk_B22_-_Side_step_left_stageii": {"sampling_probability": 0.03333333507180214, "root_height_m": {"count": 138, "min": 0.7204656004905701, "mean": 0.7854998111724854, "max": 0.7960260510444641, "p05": 0.7453847527503967, "p50": 0.7881561517715454, "p95": 0.7947495579719543}, "knees_rad": {"count": 276, "min": -0.046548400074243546, "mean": 0.16384173929691315, "max": 0.7321736812591553, "p05": -0.031509965658187866, "p50": 0.11667156219482422, "p95": 0.5394745469093323}}, "Walk_B23_-_Side_step_right_stageii": {"sampling_probability": 0.03333333507180214, "root_height_m": {"count": 107, "min": 0.7380430102348328, "mean": 0.7867655754089355, "max": 0.7960948944091797, "p05": 0.7470384836196899, "p50": 0.7919372320175171, "p95": 0.7949762344360352}, "knees_rad": {"count": 214, "min": -0.02579340711236, "mean": 0.17746375501155853, "max": 0.779315710067749, "p05": 0.01804090477526188, "p50": 0.11306414753198624, "p95": 0.5983587503433228}}, "Walk_B4_-_Stand_to_Walk_Back_stageii": {"sampling_probability": 0.03333333507180214, "root_height_m": {"count": 388, "min": 0.7834831476211548, "mean": 0.8337247967720032, "max": 0.8659985065460205, "p05": 0.7928928732872009, "p50": 0.8369479179382324, "p95": 0.8647593259811401}, "knees_rad": {"count": 776, "min": -0.08649830520153046, "mean": 0.28614532947540283, "max": 0.9905464053153992, "p05": -0.04700256139039993, "p50": 0.1713351011276245, "p95": 0.9219292402267456}}}}, "spawn_safeguards_across_terrain_levels": {"scope": "One random standing reset at each of 10 levels and six terrain types. Spawn platforms only; not tile transitions or learned stair-climbing behavior.", "terrain_order": ["pyramid_stairs", "pyramid_stairs_inv", "boxes", "random_rough", "hf_pyramid_slope", "hf_pyramid_slope_inv"], "rows": [{"terrain_level": 0, "pelvis_clearance_from_scanner_mean_m": [0.7999993562698364, 0.799999475479126, 0.8000004887580872, 0.8000001907348633, 0.8091548681259155, 0.8155157566070557], "height_termination": [false, false, false, false, false, false], "body_tilt_termination": [false, false, false, false, false, false]}, {"terrain_level": 1, "pelvis_clearance_from_scanner_mean_m": [0.7999992370605469, 0.79999840259552, 0.7999995946884155, 0.8052206635475159, 0.8153687715530396, 0.8146572113037109], "height_termination": [false, false, false, false, false, false], "body_tilt_termination": [false, false, false, false, false, false]}, {"terrain_level": 2, "pelvis_clearance_from_scanner_mean_m": [0.7999999523162842, 0.7999984622001648, 0.7999998331069946, 0.8049370646476746, 0.8150206804275513, 0.8151904940605164], "height_termination": [false, false, false, false, false, false], "body_tilt_termination": [false, false, false, false, false, false]}, {"terrain_level": 3, "pelvis_clearance_from_scanner_mean_m": [0.7999991774559021, 0.8000011444091797, 0.8000003099441528, 0.8155372738838196, 0.8148484230041504, 0.8138501644134521], "height_termination": [false, false, false, false, false, false], "body_tilt_termination": [false, false, false, false, false, false]}, {"terrain_level": 4, "pelvis_clearance_from_scanner_mean_m": [0.8000002503395081, 0.8000004887580872, 0.8000002503395081, 0.8143272995948792, 0.815223217010498, 0.8100022077560425], "height_termination": [false, false, false, false, false, false], "body_tilt_termination": [false, false, false, false, false, false]}, {"terrain_level": 5, "pelvis_clearance_from_scanner_mean_m": [0.8000005483627319, 0.8000008463859558, 0.799999475479126, 0.8211382031440735, 0.8105452060699463, 0.8145056962966919], "height_termination": [false, false, false, false, false, false], "body_tilt_termination": [false, false, false, false, false, false]}, {"terrain_level": 6, "pelvis_clearance_from_scanner_mean_m": [0.79999840259552, 0.8000009059906006, 0.7999996542930603, 0.8256889581680298, 0.8157042860984802, 0.8102454543113708], "height_termination": [false, false, false, false, false, false], "body_tilt_termination": [false, false, false, false, false, false]}, {"terrain_level": 7, "pelvis_clearance_from_scanner_mean_m": [0.8000016212463379, 0.8000003695487976, 0.8000002503395081, 0.8295480012893677, 0.8152013421058655, 0.8151642084121704], "height_termination": [false, false, false, false, false, false], "body_tilt_termination": [false, false, false, false, false, false]}, {"terrain_level": 8, "pelvis_clearance_from_scanner_mean_m": [0.8000013828277588, 0.800000011920929, 0.8000006675720215, 0.841227650642395, 0.8149438500404358, 0.8145638704299927], "height_termination": [false, false, false, false, false, false], "body_tilt_termination": [false, false, false, false, false, false]}, {"terrain_level": 9, "pelvis_clearance_from_scanner_mean_m": [0.7999999523162842, 0.7999984622001648, 0.8000000715255737, 0.8329938054084778, 0.8150793313980103, 0.8154466152191162], "height_termination": [false, false, false, false, false, false], "body_tilt_termination": [false, false, false, false, false, false]}]}, "finite_steps": 50, "terminations_during_zero_action_check": 0, "scope": "Configuration, simulated reset state and finite interfaces; not trained gait performance."}
[INFO]: SimulationContext cleared
Loading user config located at: '/home/ljc/isaaclab/lib/python3.12/site-packages/isaacsim/kit/data/Kit/IsaacLab/3.0/user.config.json'
2026-09-13T05:20:08Z [0ms] [Warning] [omni.usd_config.extension] Enable omni.materialx.libs extension to use MaterialX
2026-09-13T05:20:17Z [9,757ms] [Warning] [usdrt.population.plugin] Last global time was not created. Did you call setEnableUsdNoticeHandling?
