/home/ljc/legged_lab_v3/scripts/rsl_rl/train.py:5: DeprecationWarning: scripts/rsl_rl/train.py is deprecated. Use `./isaaclab.sh train --rl_library rsl_rl --task <TASK>` instead.
  warnings.warn(
WARNING: All log messages before absl::InitializeLog() is called are written to STDERR
E0000 00:00:1789276842.978565 1113084 descriptor_database.cc:633] File already exists in database: grpc/health/v1/health.proto
W0000 00:00:1789276842.978603 1113084 message.cc:301] Protobuf GeneratedMessageFactory: File is already registered: grpc/health/v1/health.proto
[ISAACLAB] AppLauncher initialization complete
[ISAACLAB] Kit version: 110.1.2+production.326809.f9bf0dda.gl
[ISAACLAB] Kit kernel:  210.1.11+release.13746.80f6dc72.gl
[ISAACLAB] Kit hash:    f9bf0dda
[INFO]: Parsing configuration from: legged_lab.tasks.locomotion.amp.config.g1.g1_amp_depth_target_v6_env_cfg:G1AmpDepthTargetV6EnvCfg
[INFO]: Parsing configuration from: legged_lab.tasks.locomotion.amp.config.g1.agents.rsl_rl_depth_target_v6_ppo_cfg:G1AmpDepthTargetV6PPORunnerCfg
[INFO] Logging experiment in directory: /home/ljc/legged_lab_v3/logs/rsl_rl/g1_amp_depth_target_v6_smoke
Exact experiment name requested from command line: 2026-09-13_13-20-45
[Target v6] depth actor+critic; mirrored 10-frame AMP; standing reset; terrain_types=['pyramid_stairs', 'pyramid_stairs_inv', 'boxes', 'random_rough', 'hf_pyramid_slope', 'hf_pyramid_slope_inv']; rows=10; initial_level=0
[Target v6] curriculum={'xy_threshold': 0.6, 'yaw_threshold': 0.5, 'demote_xy_threshold': 0.3, 'demote_yaw_threshold': 0.3, 'min_opportunity_s': 2.0, 'min_progress_m': 1.0}; promotion requires timeout without failure and real target progress/arrival
[Target v6] action_distribution={'class_name': 'GaussianDistribution', 'init_std': 0.5, 'std_type': 'log', 'learn_std': True, 'std_range': (0.05, 1.0)}; entropy_coef=0.006
[Target v6] AMP={'disc_obs_buffer_size': 1000, 'disc_replay_rollouts': 1, 'disc_replay_current_fraction': 1.0, 'grad_penalty_scale': 5.0, 'grad_penalty_data': 'agent_demo', 'disc_optimizer': 'adamw', 'disc_optimizer_weight_decay': 0.01, 'disc_weight_l2_coef': 0.0003, 'disc_logit_l2_coef': 0.04, 'disc_trunk_weight_decay': 0.0, 'disc_linear_weight_decay': 0.0, 'disc_learning_rate': 0.0001, 'disc_max_grad_norm': None, 'disc_update_interval': 1, 'amp_discriminator': {'hidden_dims': [1024, 512], 'activation': 'relu', 'style_reward_scale': 0.25, 'task_style_lerp': 0.0, 'reward_combination': 'additive', 'style_reward_time_scaled': False, 'observation_normalization': 'none'}, 'loss_type': 'LSGAN'}
[INFO]: Base environment:
	Environment device    : cuda:0
	Environment seed      : 42
	Physics step-size     : 0.005
	Rendering step-size   : 0.02
	Environment step-size : 0.02
[INFO]: Sampling flat patches for sub-terrain at (row, col):  (0, 0)
[INFO]: Sampling flat patches for sub-terrain at (row, col):  (1, 0)
[INFO]: Sampling flat patches for sub-terrain at (row, col):  (2, 0)
[INFO]: Sampling flat patches for sub-terrain at (row, col):  (3, 0)
[INFO]: Sampling flat patches for sub-terrain at (row, col):  (4, 0)
[INFO]: Sampling flat patches for sub-terrain at (row, col):  (5, 0)
[INFO]: Sampling flat patches for sub-terrain at (row, col):  (6, 0)
[INFO]: Sampling flat patches for sub-terrain at (row, col):  (7, 0)
[INFO]: Sampling flat patches for sub-terrain at (row, col):  (8, 0)
[INFO]: Sampling flat patches for sub-terrain at (row, col):  (9, 0)
[INFO]: Sampling flat patches for sub-terrain at (row, col):  (0, 1)
[INFO]: Sampling flat patches for sub-terrain at (row, col):  (1, 1)
[INFO]: Sampling flat patches for sub-terrain at (row, col):  (2, 1)
[INFO]: Sampling flat patches for sub-terrain at (row, col):  (3, 1)
[INFO]: Sampling flat patches for sub-terrain at (row, col):  (4, 1)
[INFO]: Sampling flat patches for sub-terrain at (row, col):  (5, 1)
[INFO]: Sampling flat patches for sub-terrain at (row, col):  (6, 1)
[INFO]: Sampling flat patches for sub-terrain at (row, col):  (7, 1)
[INFO]: Sampling flat patches for sub-terrain at (row, col):  (8, 1)
[INFO]: Sampling flat patches for sub-terrain at (row, col):  (9, 1)
[INFO]: Sampling flat patches for sub-terrain at (row, col):  (0, 2)
[INFO]: Sampling flat patches for sub-terrain at (row, col):  (1, 2)
[INFO]: Sampling flat patches for sub-terrain at (row, col):  (2, 2)
[INFO]: Sampling flat patches for sub-terrain at (row, col):  (3, 2)
[INFO]: Sampling flat patches for sub-terrain at (row, col):  (4, 2)
[INFO]: Sampling flat patches for sub-terrain at (row, col):  (5, 2)
[INFO]: Sampling flat patches for sub-terrain at (row, col):  (6, 2)
[INFO]: Sampling flat patches for sub-terrain at (row, col):  (7, 2)
[INFO]: Sampling flat patches for sub-terrain at (row, col):  (8, 2)
[INFO]: Sampling flat patches for sub-terrain at (row, col):  (9, 2)
[INFO]: Sampling flat patches for sub-terrain at (row, col):  (0, 3)
[INFO]: Sampling flat patches for sub-terrain at (row, col):  (1, 3)
[INFO]: Sampling flat patches for sub-terrain at (row, col):  (2, 3)
[INFO]: Sampling flat patches for sub-terrain at (row, col):  (3, 3)
[INFO]: Sampling flat patches for sub-terrain at (row, col):  (4, 3)
[INFO]: Sampling flat patches for sub-terrain at (row, col):  (5, 3)
[INFO]: Sampling flat patches for sub-terrain at (row, col):  (6, 3)
[INFO]: Sampling flat patches for sub-terrain at (row, col):  (7, 3)
[INFO]: Sampling flat patches for sub-terrain at (row, col):  (8, 3)
[INFO]: Sampling flat patches for sub-terrain at (row, col):  (9, 3)
[INFO]: Sampling flat patches for sub-terrain at (row, col):  (0, 4)
[INFO]: Sampling flat patches for sub-terrain at (row, col):  (1, 4)
[INFO]: Sampling flat patches for sub-terrain at (row, col):  (2, 4)
[INFO]: Sampling flat patches for sub-terrain at (row, col):  (3, 4)
[INFO]: Sampling flat patches for sub-terrain at (row, col):  (4, 4)
[INFO]: Sampling flat patches for sub-terrain at (row, col):  (5, 4)
[INFO]: Sampling flat patches for sub-terrain at (row, col):  (6, 4)
[INFO]: Sampling flat patches for sub-terrain at (row, col):  (7, 4)
[INFO]: Sampling flat patches for sub-terrain at (row, col):  (8, 4)
[INFO]: Sampling flat patches for sub-terrain at (row, col):  (9, 4)
[INFO]: Sampling flat patches for sub-terrain at (row, col):  (0, 5)
[INFO]: Sampling flat patches for sub-terrain at (row, col):  (1, 5)
[INFO]: Sampling flat patches for sub-terrain at (row, col):  (2, 5)
[INFO]: Sampling flat patches for sub-terrain at (row, col):  (3, 5)
[INFO]: Sampling flat patches for sub-terrain at (row, col):  (4, 5)
[INFO]: Sampling flat patches for sub-terrain at (row, col):  (5, 5)
[INFO]: Sampling flat patches for sub-terrain at (row, col):  (6, 5)
[INFO]: Sampling flat patches for sub-terrain at (row, col):  (7, 5)
[INFO]: Sampling flat patches for sub-terrain at (row, col):  (8, 5)
[INFO]: Sampling flat patches for sub-terrain at (row, col):  (9, 5)
[INFO]: Sampling flat patches for sub-terrain at (row, col):  (0, 6)
[INFO]: Sampling flat patches for sub-terrain at (row, col):  (1, 6)
[INFO]: Sampling flat patches for sub-terrain at (row, col):  (2, 6)
[INFO]: Sampling flat patches for sub-terrain at (row, col):  (3, 6)
[INFO]: Sampling flat patches for sub-terrain at (row, col):  (4, 6)
[INFO]: Sampling flat patches for sub-terrain at (row, col):  (5, 6)
[INFO]: Sampling flat patches for sub-terrain at (row, col):  (6, 6)
[INFO]: Sampling flat patches for sub-terrain at (row, col):  (7, 6)
[INFO]: Sampling flat patches for sub-terrain at (row, col):  (8, 6)
[INFO]: Sampling flat patches for sub-terrain at (row, col):  (9, 6)
[INFO]: Sampling flat patches for sub-terrain at (row, col):  (0, 7)
[INFO]: Sampling flat patches for sub-terrain at (row, col):  (1, 7)
[INFO]: Sampling flat patches for sub-terrain at (row, col):  (2, 7)
[INFO]: Sampling flat patches for sub-terrain at (row, col):  (3, 7)
[INFO]: Sampling flat patches for sub-terrain at (row, col):  (4, 7)
[INFO]: Sampling flat patches for sub-terrain at (row, col):  (5, 7)
[INFO]: Sampling flat patches for sub-terrain at (row, col):  (6, 7)
[INFO]: Sampling flat patches for sub-terrain at (row, col):  (7, 7)
[INFO]: Sampling flat patches for sub-terrain at (row, col):  (8, 7)
[INFO]: Sampling flat patches for sub-terrain at (row, col):  (9, 7)
[INFO]: Sampling flat patches for sub-terrain at (row, col):  (0, 8)
[INFO]: Sampling flat patches for sub-terrain at (row, col):  (1, 8)
[INFO]: Sampling flat patches for sub-terrain at (row, col):  (2, 8)
[INFO]: Sampling flat patches for sub-terrain at (row, col):  (3, 8)
[INFO]: Sampling flat patches for sub-terrain at (row, col):  (4, 8)
[INFO]: Sampling flat patches for sub-terrain at (row, col):  (5, 8)
[INFO]: Sampling flat patches for sub-terrain at (row, col):  (6, 8)
[INFO]: Sampling flat patches for sub-terrain at (row, col):  (7, 8)
[INFO]: Sampling flat patches for sub-terrain at (row, col):  (8, 8)
[INFO]: Sampling flat patches for sub-terrain at (row, col):  (9, 8)
[INFO]: Sampling flat patches for sub-terrain at (row, col):  (0, 9)
[INFO]: Sampling flat patches for sub-terrain at (row, col):  (1, 9)
[INFO]: Sampling flat patches for sub-terrain at (row, col):  (2, 9)
[INFO]: Sampling flat patches for sub-terrain at (row, col):  (3, 9)
[INFO]: Sampling flat patches for sub-terrain at (row, col):  (4, 9)
[INFO]: Sampling flat patches for sub-terrain at (row, col):  (5, 9)
[INFO]: Sampling flat patches for sub-terrain at (row, col):  (6, 9)
[INFO]: Sampling flat patches for sub-terrain at (row, col):  (7, 9)
[INFO]: Sampling flat patches for sub-terrain at (row, col):  (8, 9)
[INFO]: Sampling flat patches for sub-terrain at (row, col):  (9, 9)
[INFO]: Sampling flat patches for sub-terrain at (row, col):  (0, 10)
[INFO]: Sampling flat patches for sub-terrain at (row, col):  (1, 10)
[INFO]: Sampling flat patches for sub-terrain at (row, col):  (2, 10)
[INFO]: Sampling flat patches for sub-terrain at (row, col):  (3, 10)
[INFO]: Sampling flat patches for sub-terrain at (row, col):  (4, 10)
[INFO]: Sampling flat patches for sub-terrain at (row, col):  (5, 10)
[INFO]: Sampling flat patches for sub-terrain at (row, col):  (6, 10)
[INFO]: Sampling flat patches for sub-terrain at (row, col):  (7, 10)
[INFO]: Sampling flat patches for sub-terrain at (row, col):  (8, 10)
[INFO]: Sampling flat patches for sub-terrain at (row, col):  (9, 10)
[INFO]: Sampling flat patches for sub-terrain at (row, col):  (0, 11)
[INFO]: Sampling flat patches for sub-terrain at (row, col):  (1, 11)
[INFO]: Sampling flat patches for sub-terrain at (row, col):  (2, 11)
[INFO]: Sampling flat patches for sub-terrain at (row, col):  (3, 11)
[INFO]: Sampling flat patches for sub-terrain at (row, col):  (4, 11)
[INFO]: Sampling flat patches for sub-terrain at (row, col):  (5, 11)
[INFO]: Sampling flat patches for sub-terrain at (row, col):  (6, 11)
[INFO]: Sampling flat patches for sub-terrain at (row, col):  (7, 11)
[INFO]: Sampling flat patches for sub-terrain at (row, col):  (8, 11)
[INFO]: Sampling flat patches for sub-terrain at (row, col):  (9, 11)
[INFO]: Sampling flat patches for sub-terrain at (row, col):  (0, 12)
[INFO]: Sampling flat patches for sub-terrain at (row, col):  (1, 12)
[INFO]: Sampling flat patches for sub-terrain at (row, col):  (2, 12)
[INFO]: Sampling flat patches for sub-terrain at (row, col):  (3, 12)
[INFO]: Sampling flat patches for sub-terrain at (row, col):  (4, 12)
[INFO]: Sampling flat patches for sub-terrain at (row, col):  (5, 12)
[INFO]: Sampling flat patches for sub-terrain at (row, col):  (6, 12)
[INFO]: Sampling flat patches for sub-terrain at (row, col):  (7, 12)
[INFO]: Sampling flat patches for sub-terrain at (row, col):  (8, 12)
[INFO]: Sampling flat patches for sub-terrain at (row, col):  (9, 12)
[INFO]: Sampling flat patches for sub-terrain at (row, col):  (0, 13)
[INFO]: Sampling flat patches for sub-terrain at (row, col):  (1, 13)
[INFO]: Sampling flat patches for sub-terrain at (row, col):  (2, 13)
[INFO]: Sampling flat patches for sub-terrain at (row, col):  (3, 13)
[INFO]: Sampling flat patches for sub-terrain at (row, col):  (4, 13)
[INFO]: Sampling flat patches for sub-terrain at (row, col):  (5, 13)
[INFO]: Sampling flat patches for sub-terrain at (row, col):  (6, 13)
[INFO]: Sampling flat patches for sub-terrain at (row, col):  (7, 13)
[INFO]: Sampling flat patches for sub-terrain at (row, col):  (8, 13)
[INFO]: Sampling flat patches for sub-terrain at (row, col):  (9, 13)
[INFO]: Sampling flat patches for sub-terrain at (row, col):  (0, 14)
[INFO]: Sampling flat patches for sub-terrain at (row, col):  (1, 14)
[INFO]: Sampling flat patches for sub-terrain at (row, col):  (2, 14)
[INFO]: Sampling flat patches for sub-terrain at (row, col):  (3, 14)
[INFO]: Sampling flat patches for sub-terrain at (row, col):  (4, 14)
[INFO]: Sampling flat patches for sub-terrain at (row, col):  (5, 14)
[INFO]: Sampling flat patches for sub-terrain at (row, col):  (6, 14)
[INFO]: Sampling flat patches for sub-terrain at (row, col):  (7, 14)
[INFO]: Sampling flat patches for sub-terrain at (row, col):  (8, 14)
[INFO]: Sampling flat patches for sub-terrain at (row, col):  (9, 14)
[INFO]: Sampling flat patches for sub-terrain at (row, col):  (0, 15)
[INFO]: Sampling flat patches for sub-terrain at (row, col):  (1, 15)
[INFO]: Sampling flat patches for sub-terrain at (row, col):  (2, 15)
[INFO]: Sampling flat patches for sub-terrain at (row, col):  (3, 15)
[INFO]: Sampling flat patches for sub-terrain at (row, col):  (4, 15)
[INFO]: Sampling flat patches for sub-terrain at (row, col):  (5, 15)
[INFO]: Sampling flat patches for sub-terrain at (row, col):  (6, 15)
[INFO]: Sampling flat patches for sub-terrain at (row, col):  (7, 15)
[INFO]: Sampling flat patches for sub-terrain at (row, col):  (8, 15)
[INFO]: Sampling flat patches for sub-terrain at (row, col):  (9, 15)
[INFO]: Sampling flat patches for sub-terrain at (row, col):  (0, 16)
[INFO]: Sampling flat patches for sub-terrain at (row, col):  (1, 16)
[INFO]: Sampling flat patches for sub-terrain at (row, col):  (2, 16)
[INFO]: Sampling flat patches for sub-terrain at (row, col):  (3, 16)
[INFO]: Sampling flat patches for sub-terrain at (row, col):  (4, 16)
[INFO]: Sampling flat patches for sub-terrain at (row, col):  (5, 16)
[INFO]: Sampling flat patches for sub-terrain at (row, col):  (6, 16)
[INFO]: Sampling flat patches for sub-terrain at (row, col):  (7, 16)
[INFO]: Sampling flat patches for sub-terrain at (row, col):  (8, 16)
[INFO]: Sampling flat patches for sub-terrain at (row, col):  (9, 16)
[INFO]: Sampling flat patches for sub-terrain at (row, col):  (0, 17)
[INFO]: Sampling flat patches for sub-terrain at (row, col):  (1, 17)
[INFO]: Sampling flat patches for sub-terrain at (row, col):  (2, 17)
[INFO]: Sampling flat patches for sub-terrain at (row, col):  (3, 17)
[INFO]: Sampling flat patches for sub-terrain at (row, col):  (4, 17)
[INFO]: Sampling flat patches for sub-terrain at (row, col):  (5, 17)
[INFO]: Sampling flat patches for sub-terrain at (row, col):  (6, 17)
[INFO]: Sampling flat patches for sub-terrain at (row, col):  (7, 17)
[INFO]: Sampling flat patches for sub-terrain at (row, col):  (8, 17)
[INFO]: Sampling flat patches for sub-terrain at (row, col):  (9, 17)
[INFO]: Sampling flat patches for sub-terrain at (row, col):  (0, 18)
[INFO]: Sampling flat patches for sub-terrain at (row, col):  (1, 18)
[INFO]: Sampling flat patches for sub-terrain at (row, col):  (2, 18)
[INFO]: Sampling flat patches for sub-terrain at (row, col):  (3, 18)
[INFO]: Sampling flat patches for sub-terrain at (row, col):  (4, 18)
[INFO]: Sampling flat patches for sub-terrain at (row, col):  (5, 18)
[INFO]: Sampling flat patches for sub-terrain at (row, col):  (6, 18)
[INFO]: Sampling flat patches for sub-terrain at (row, col):  (7, 18)
[INFO]: Sampling flat patches for sub-terrain at (row, col):  (8, 18)
[INFO]: Sampling flat patches for sub-terrain at (row, col):  (9, 18)
[INFO]: Sampling flat patches for sub-terrain at (row, col):  (0, 19)
[INFO]: Sampling flat patches for sub-terrain at (row, col):  (1, 19)
[INFO]: Sampling flat patches for sub-terrain at (row, col):  (2, 19)
[INFO]: Sampling flat patches for sub-terrain at (row, col):  (3, 19)
[INFO]: Sampling flat patches for sub-terrain at (row, col):  (4, 19)
[INFO]: Sampling flat patches for sub-terrain at (row, col):  (5, 19)
[INFO]: Sampling flat patches for sub-terrain at (row, col):  (6, 19)
[INFO]: Sampling flat patches for sub-terrain at (row, col):  (7, 19)
[INFO]: Sampling flat patches for sub-terrain at (row, col):  (8, 19)
[INFO]: Sampling flat patches for sub-terrain at (row, col):  (9, 19)
[INFO] Generating terrains based on curriculum took Last: 10.984649 s
[INFO]: Registered backend 'physx' for factory Articulation.
[INFO]: Registered backend 'physx' for factory ContactSensor.
[INFO]: Registered backend 'physx' for factory RayCaster.
[INFO]: Registered backend 'physx' for factory MultiMeshRayCasterCamera.
[INFO]: Physics scene prim path: /physicsScene
[INFO]: Time taken for scene creation Last: 14.158557 s, Mean: 14.158557 s, Std: 0.000000 s, N: 1
[INFO]: Scene manager:  <class InteractiveScene>
	Number of environments: 512
	Environment spacing   : 2.5
	Source prim name      : /World/envs/env_0
	Global prim paths     : ['/World/ground']
	Replicate physics     : True
[INFO]: Simulation parameters for joints in /World/envs/env_[^/]+/Robot:
+---------------------------------------------------------------------------------------------------------------------------------------------------------------------------------+
|                                                      Simulation Joint Information (Prim path: /World/envs/env_[^/]+/Robot)                                                      |
+-------+----------------------------+-----------+---------+----------+-----------------+------------------+------------------+-----------------+-----------------+---------------+
| Index | Name                       | Stiffness | Damping | Armature | Static Friction | Dynamic Friction | Viscous Friction | Position Limits | Velocity Limits | Effort Limits |
+-------+----------------------------+-----------+---------+----------+-----------------+------------------+------------------+-----------------+-----------------+---------------+
|   0   | left_hip_pitch_joint       |  100.000  |  2.000  |  0.010   |      0.000      |      0.000       |      0.000       | [-2.531, 2.880] |      32.000     |     88.000    |
|   1   | right_hip_pitch_joint      |  100.000  |  2.000  |  0.010   |      0.000      |      0.000       |      0.000       | [-2.531, 2.880] |      32.000     |     88.000    |
|   2   | waist_yaw_joint            |  200.000  |  5.000  |  0.010   |      0.000      |      0.000       |      0.000       | [-2.618, 2.618] |      32.000     |     88.000    |
|   3   | left_hip_roll_joint        |  100.000  |  2.000  |  0.010   |      0.000      |      0.000       |      0.000       | [-0.524, 2.967] |      20.000     |    139.000    |
|   4   | right_hip_roll_joint       |  100.000  |  2.000  |  0.010   |      0.000      |      0.000       |      0.000       | [-2.967, 0.524] |      20.000     |    139.000    |
|   5   | waist_roll_joint           |   40.000  |  5.000  |  0.010   |      0.000      |      0.000       |      0.000       | [-0.520, 0.520] |      37.000     |     25.000    |
|   6   | left_hip_yaw_joint         |  100.000  |  2.000  |  0.010   |      0.000      |      0.000       |      0.000       | [-2.758, 2.758] |      32.000     |     88.000    |
|   7   | right_hip_yaw_joint        |  100.000  |  2.000  |  0.010   |      0.000      |      0.000       |      0.000       | [-2.758, 2.758] |      32.000     |     88.000    |
|   8   | waist_pitch_joint          |   40.000  |  5.000  |  0.010   |      0.000      |      0.000       |      0.000       | [-0.520, 0.520] |      37.000     |     25.000    |
|   9   | left_knee_joint            |  150.000  |  4.000  |  0.010   |      0.000      |      0.000       |      0.000       | [-0.087, 2.880] |      20.000     |    139.000    |
|   10  | right_knee_joint           |  150.000  |  4.000  |  0.010   |      0.000      |      0.000       |      0.000       | [-0.087, 2.880] |      20.000     |    139.000    |
|   11  | left_shoulder_pitch_joint  |   40.000  |  1.000  |  0.010   |      0.000      |      0.000       |      0.000       | [-3.089, 2.670] |      37.000     |     25.000    |
|   12  | right_shoulder_pitch_joint |   40.000  |  1.000  |  0.010   |      0.000      |      0.000       |      0.000       | [-3.089, 2.670] |      37.000     |     25.000    |
|   13  | left_ankle_pitch_joint     |   40.000  |  2.000  |  0.010   |      0.000      |      0.000       |      0.000       | [-0.873, 0.524] |      37.000     |     25.000    |
|   14  | right_ankle_pitch_joint    |   40.000  |  2.000  |  0.010   |      0.000      |      0.000       |      0.000       | [-0.873, 0.524] |      37.000     |     25.000    |
|   15  | left_shoulder_roll_joint   |   40.000  |  1.000  |  0.010   |      0.000      |      0.000       |      0.000       | [-1.588, 2.251] |      37.000     |     25.000    |
|   16  | right_shoulder_roll_joint  |   40.000  |  1.000  |  0.010   |      0.000      |      0.000       |      0.000       | [-2.251, 1.588] |      37.000     |     25.000    |
|   17  | left_ankle_roll_joint      |   40.000  |  2.000  |  0.010   |      0.000      |      0.000       |      0.000       | [-0.262, 0.262] |      37.000     |     25.000    |
|   18  | right_ankle_roll_joint     |   40.000  |  2.000  |  0.010   |      0.000      |      0.000       |      0.000       | [-0.262, 0.262] |      37.000     |     25.000    |
|   19  | left_shoulder_yaw_joint    |   40.000  |  1.000  |  0.010   |      0.000      |      0.000       |      0.000       | [-2.618, 2.618] |      37.000     |     25.000    |
|   20  | right_shoulder_yaw_joint   |   40.000  |  1.000  |  0.010   |      0.000      |      0.000       |      0.000       | [-2.618, 2.618] |      37.000     |     25.000    |
|   21  | left_elbow_joint           |   40.000  |  1.000  |  0.010   |      0.000      |      0.000       |      0.000       | [-1.047, 2.094] |      37.000     |     25.000    |
|   22  | right_elbow_joint          |   40.000  |  1.000  |  0.010   |      0.000      |      0.000       |      0.000       | [-1.047, 2.094] |      37.000     |     25.000    |
|   23  | left_wrist_roll_joint      |   40.000  |  1.000  |  0.010   |      0.000      |      0.000       |      0.000       | [-1.972, 1.972] |      37.000     |     25.000    |
|   24  | right_wrist_roll_joint     |   40.000  |  1.000  |  0.010   |      0.000      |      0.000       |      0.000       | [-1.972, 1.972] |      37.000     |     25.000    |
|   25  | left_wrist_pitch_joint     |   40.000  |  1.000  |  0.010   |      0.000      |      0.000       |      0.000       | [-1.614, 1.614] |      22.000     |     5.000     |
|   26  | right_wrist_pitch_joint    |   40.000  |  1.000  |  0.010   |      0.000      |      0.000       |      0.000       | [-1.614, 1.614] |      22.000     |     5.000     |
|   27  | left_wrist_yaw_joint       |   40.000  |  1.000  |  0.010   |      0.000      |      0.000       |      0.000       | [-1.614, 1.614] |      22.000     |     5.000     |
|   28  | right_wrist_yaw_joint      |   40.000  |  1.000  |  0.010   |      0.000      |      0.000       |      0.000       | [-1.614, 1.614] |      22.000     |     5.000     |
+-------+----------------------------+-----------+---------+----------+-----------------+------------------+------------------+-----------------+-----------------+---------------+
[INFO]: Read mesh prim: /World/ground/terrain/mesh with 634872 vertices and 3578904 faces.
[INFO]: Read '1' mesh prims under path '/World/ground' with 590381 vertices and 1192968 faces.
[INFO]: Read '2' mesh prims under path '/World/envs/env_0/Robot/pelvis/visuals' with 28675 vertices and 57318 faces.
[INFO]: Read '1' mesh prims under path '/World/envs/env_0/Robot/waist_yaw_link/visuals' with 6046 vertices and 12398 faces.
[INFO]: Read '1' mesh prims under path '/World/envs/env_0/Robot/waist_roll_link/visuals' with 858 vertices and 1716 faces.
[INFO]: Read '1' mesh prims under path '/World/envs/env_0/Robot/torso_link/visuals/torso_link_rev_1_0' with 25662 vertices and 51410 faces.
[INFO]: Read '1' mesh prims under path '/World/envs/env_0/Robot/torso_link/visuals/logo_link' with 2462 vertices and 4866 faces.
[INFO]: Read '1' mesh prims under path '/World/envs/env_0/Robot/left_hip_pitch_link/visuals' with 1811 vertices and 3632 faces.
[INFO]: Read '1' mesh prims under path '/World/envs/env_0/Robot/left_hip_roll_link/visuals' with 1925 vertices and 3842 faces.
[INFO]: Read '1' mesh prims under path '/World/envs/env_0/Robot/left_hip_yaw_link/visuals' with 2980 vertices and 5924 faces.
[INFO]: Read '1' mesh prims under path '/World/envs/env_0/Robot/left_knee_link/visuals' with 8558 vertices and 17096 faces.
[INFO]: Read '1' mesh prims under path '/World/envs/env_0/Robot/left_ankle_pitch_link/visuals' with 714 vertices and 1422 faces.
[INFO]: Read '1' mesh prims under path '/World/envs/env_0/Robot/left_ankle_roll_link/visuals' with 6543 vertices and 13066 faces.
[INFO]: Read '1' mesh prims under path '/World/envs/env_0/Robot/left_shoulder_pitch_link/visuals' with 1770 vertices and 3534 faces.
[INFO]: Read '1' mesh prims under path '/World/envs/env_0/Robot/left_shoulder_roll_link/visuals' with 4004 vertices and 8004 faces.
[INFO]: Read '1' mesh prims under path '/World/envs/env_0/Robot/left_shoulder_yaw_link/visuals' with 2492 vertices and 4982 faces.
[INFO]: Read '1' mesh prims under path '/World/envs/env_0/Robot/left_elbow_link/visuals' with 900 vertices and 1774 faces.
[INFO]: Read '1' mesh prims under path '/World/envs/env_0/Robot/left_wrist_roll_link/visuals' with 3563 vertices and 7122 faces.
[INFO]: Read '1' mesh prims under path '/World/envs/env_0/Robot/left_wrist_pitch_link/visuals' with 861 vertices and 1718 faces.
[INFO]: Read '2' mesh prims under path '/World/envs/env_0/Robot/left_wrist_yaw_link/visuals' with 26064 vertices and 52120 faces.
[INFO]: Read '1' mesh prims under path '/World/envs/env_0/Robot/right_hip_pitch_link/visuals' with 1807 vertices and 3624 faces.
[INFO]: Read '1' mesh prims under path '/World/envs/env_0/Robot/right_hip_roll_link/visuals' with 1930 vertices and 3852 faces.
[INFO]: Read '1' mesh prims under path '/World/envs/env_0/Robot/right_hip_yaw_link/visuals' with 2980 vertices and 5924 faces.
[INFO]: Read '1' mesh prims under path '/World/envs/env_0/Robot/right_knee_link/visuals' with 8532 vertices and 17044 faces.
[INFO]: Read '1' mesh prims under path '/World/envs/env_0/Robot/right_ankle_pitch_link/visuals' with 714 vertices and 1422 faces.
[INFO]: Read '1' mesh prims under path '/World/envs/env_0/Robot/right_ankle_roll_link/visuals' with 6547 vertices and 13074 faces.
[INFO]: Read '1' mesh prims under path '/World/envs/env_0/Robot/right_shoulder_pitch_link/visuals' with 1770 vertices and 3534 faces.
[INFO]: Read '1' mesh prims under path '/World/envs/env_0/Robot/right_shoulder_roll_link/visuals' with 4020 vertices and 8036 faces.
[INFO]: Read '1' mesh prims under path '/World/envs/env_0/Robot/right_shoulder_yaw_link/visuals' with 2500 vertices and 4998 faces.
[INFO]: Read '1' mesh prims under path '/World/envs/env_0/Robot/right_elbow_link/visuals' with 889 vertices and 1774 faces.
[INFO]: Read '1' mesh prims under path '/World/envs/env_0/Robot/right_wrist_roll_link/visuals' with 3562 vertices and 7120 faces.
[INFO]: Read '1' mesh prims under path '/World/envs/env_0/Robot/right_wrist_pitch_link/visuals' with 797 vertices and 1590 faces.
[INFO]: Read '2' mesh prims under path '/World/envs/env_0/Robot/right_wrist_yaw_link/visuals' with 25353 vertices and 50680 faces.
[INFO]: Time taken for simulation start Last: 7.821316 s, Mean: 7.821316 s, Std: 0.000000 s, N: 1
[Motion Data Manager] Loading motion data from /home/ljc/legged_lab_v3/source/legged_lab/legged_lab/data/MotionData/g1_29dof/amp/walk_and_run/B10_-__Walk_turn_left_45_stageii.pkl...
[Motion Data Manager] Loading motion data from /home/ljc/legged_lab_v3/source/legged_lab/legged_lab/data/MotionData/g1_29dof/amp/walk_and_run/B11_-__Walk_turn_left_135_stageii.pkl...
[Motion Data Manager] Loading motion data from /home/ljc/legged_lab_v3/source/legged_lab/legged_lab/data/MotionData/g1_29dof/amp/walk_and_run/B13_-__Walk_turn_right_90_stageii.pkl...
[Motion Data Manager] Loading motion data from /home/ljc/legged_lab_v3/source/legged_lab/legged_lab/data/MotionData/g1_29dof/amp/walk_and_run/B14_-__Walk_turn_right_45_t2_stageii.pkl...
[Motion Data Manager] Loading motion data from /home/ljc/legged_lab_v3/source/legged_lab/legged_lab/data/MotionData/g1_29dof/amp/walk_and_run/B15_-__Walk_turn_around_stageii.pkl...
[Motion Data Manager] Loading motion data from /home/ljc/legged_lab_v3/source/legged_lab/legged_lab/data/MotionData/g1_29dof/amp/walk_and_run/B22_-__side_step_left_stageii.pkl...
[Motion Data Manager] Loading motion data from /home/ljc/legged_lab_v3/source/legged_lab/legged_lab/data/MotionData/g1_29dof/amp/walk_and_run/B23_-__side_step_right_stageii.pkl...
[Motion Data Manager] Loading motion data from /home/ljc/legged_lab_v3/source/legged_lab/legged_lab/data/MotionData/g1_29dof/amp/walk_and_run/B4_-_Stand_to_Walk_backwards_stageii.pkl...
[Motion Data Manager] Loading motion data from /home/ljc/legged_lab_v3/source/legged_lab/legged_lab/data/MotionData/g1_29dof/amp/walk_and_run/B9_-__Walk_turn_left_90_stageii.pkl...
[Motion Data Manager] Loading motion data from /home/ljc/legged_lab_v3/source/legged_lab/legged_lab/data/MotionData/g1_29dof/amp/walk_and_run/C11_-_run_turn_left_90_stageii.pkl...
[Motion Data Manager] Loading motion data from /home/ljc/legged_lab_v3/source/legged_lab/legged_lab/data/MotionData/g1_29dof/amp/walk_and_run/C12_-_run_turn_left_45_stageii.pkl...
[Motion Data Manager] Loading motion data from /home/ljc/legged_lab_v3/source/legged_lab/legged_lab/data/MotionData/g1_29dof/amp/walk_and_run/C13_-_run_turn_left_135_stageii.pkl...
[Motion Data Manager] Loading motion data from /home/ljc/legged_lab_v3/source/legged_lab/legged_lab/data/MotionData/g1_29dof/amp/walk_and_run/C14_-_run_turn_right_90_stageii.pkl...
[Motion Data Manager] Loading motion data from /home/ljc/legged_lab_v3/source/legged_lab/legged_lab/data/MotionData/g1_29dof/amp/walk_and_run/C15_-_run_turn_right_45_stageii.pkl...
[Motion Data Manager] Loading motion data from /home/ljc/legged_lab_v3/source/legged_lab/legged_lab/data/MotionData/g1_29dof/amp/walk_and_run/C16_-_run_turn_right_135_stageii.pkl...
[Motion Data Manager] Loading motion data from /home/ljc/legged_lab_v3/source/legged_lab/legged_lab/data/MotionData/g1_29dof/amp/walk_and_run/C17_-_run_change_direction_stageii.pkl...
[Motion Data Manager] Loading motion data from /home/ljc/legged_lab_v3/source/legged_lab/legged_lab/data/MotionData/g1_29dof/amp/walk_and_run/C1_-_stand_to_run_stageii.pkl...
[Motion Data Manager] Loading motion data from /home/ljc/legged_lab_v3/source/legged_lab/legged_lab/data/MotionData/g1_29dof/amp/walk_and_run/C3_-_run_stageii.pkl...
[Motion Data Manager] Loading motion data from /home/ljc/legged_lab_v3/source/legged_lab/legged_lab/data/MotionData/g1_29dof/amp/walk_and_run/C4_-_run_to_walk_a_stageii.pkl...
[Motion Data Manager] Loading motion data from /home/ljc/legged_lab_v3/source/legged_lab/legged_lab/data/MotionData/g1_29dof/amp/walk_and_run/C5_-_walk_to_run_stageii.pkl...
[Motion Data Manager] Loading motion data from /home/ljc/legged_lab_v3/source/legged_lab/legged_lab/data/MotionData/g1_29dof/amp/walk_and_run/C6_-_stand_to_run_backwards_stageii.pkl...
[Motion Data Manager] Loading motion data from /home/ljc/legged_lab_v3/source/legged_lab/legged_lab/data/MotionData/g1_29dof/amp/walk_and_run/C8_-_run_backwards_to_stand_stageii.pkl...
[Motion Data Manager] Loading motion data from /home/ljc/legged_lab_v3/source/legged_lab/legged_lab/data/MotionData/g1_29dof/amp/walk_and_run/C9_-_run_backwards_turn_run_forward_stageii.pkl...
[Motion Data Manager] Loading motion data from /home/ljc/legged_lab_v3/source/legged_lab/legged_lab/data/MotionData/g1_29dof/amp/walk_and_run/Walk_B10_-_Walk_turn_left_45_stageii.pkl...
[Motion Data Manager] Loading motion data from /home/ljc/legged_lab_v3/source/legged_lab/legged_lab/data/MotionData/g1_29dof/amp/walk_and_run/Walk_B13_-_Walk_turn_right_45_stageii.pkl...
[Motion Data Manager] Loading motion data from /home/ljc/legged_lab_v3/source/legged_lab/legged_lab/data/MotionData/g1_29dof/amp/walk_and_run/Walk_B15_-_Walk_turn_around_stageii.pkl...
[Motion Data Manager] Loading motion data from /home/ljc/legged_lab_v3/source/legged_lab/legged_lab/data/MotionData/g1_29dof/amp/walk_and_run/Walk_B16_-_Walk_turn_change_stageii.pkl...
[Motion Data Manager] Loading motion data from /home/ljc/legged_lab_v3/source/legged_lab/legged_lab/data/MotionData/g1_29dof/amp/walk_and_run/Walk_B22_-_Side_step_left_stageii.pkl...
[Motion Data Manager] Loading motion data from /home/ljc/legged_lab_v3/source/legged_lab/legged_lab/data/MotionData/g1_29dof/amp/walk_and_run/Walk_B23_-_Side_step_right_stageii.pkl...
[Motion Data Manager] Loading motion data from /home/ljc/legged_lab_v3/source/legged_lab/legged_lab/data/MotionData/g1_29dof/amp/walk_and_run/Walk_B4_-_Stand_to_Walk_Back_stageii.pkl...
[INFO] Motion Data Manager:  <MotionDataManager> contains 1 active terms.
+---------------------------------------------+
|          Motion Data Manager Terms          |
+-------+----------------+--------------------+
| Index | Motion Dataset |     Total Duration |
+-------+----------------+--------------------+
|   0   | motion_dataset | 156.15550231933594 |
+-------+----------------+--------------------+

[INFO] Animation Manager:  <AnimationManager> contains 1 active terms.
+--------------------------------------------------------------------------------------+
|                               Animation Manager Terms                                |
+-------+-----------+------------------+------------------+-------------+--------------+
| Index | Term Name | Motion Data Term | Num Steps to Use | Random Init | Random Fetch |
+-------+-----------+------------------+------------------+-------------+--------------+
|   0   | animation |  motion_dataset  |        10        |     True    |     True     |
+-------+-----------+------------------+------------------+-------------+--------------+

[TargetCommand] resample=8-12 s; gains=(2,2); yaw=+-1 rad/s; stop_radius=0.4 m; standing=5%; speed_caps={'pyramid_stairs': (0.45, 0.8), 'pyramid_stairs_inv': (0.45, 0.8), 'boxes': (0.45, 0.8), 'random_rough': (0.45, 1.0), 'hf_pyramid_slope': (0.45, 0.8), 'hf_pyramid_slope_inv': (0.45, 0.8)}
[INFO] Command Manager:  <CommandManager> contains 1 active terms.
+-----------------------------------------------+
|              Active Command Terms             |
+-------+---------------+-----------------------+
| Index | Name          |          Type         |
+-------+---------------+-----------------------+
|   0   | base_velocity | TargetVelocityCommand |
+-------+---------------+-----------------------+

[INFO] Event Manager:  <EventManager> contains 2 active terms.
+--------------------------------------+
| Active Event Terms in Mode: 'startup' |
+----------+---------------------------+
|  Index   | Name                      |
+----------+---------------------------+
|    0     | physics_material          |
|    1     | add_base_mass             |
+----------+---------------------------+
+---------------------------------------+
|  Active Event Terms in Mode: 'reset'  |
+--------+------------------------------+
| Index  | Name                         |
+--------+------------------------------+
|   0    | base_external_force_torque   |
|   1    | reset_base                   |
|   2    | reset_robot_joints           |
+--------+------------------------------+

[INFO] Recorder Manager:  <RecorderManager> contains 0 active terms.
+---------------------+
| Active Recorder Terms |
+-----------+---------+
|   Index   | Name    |
+-----------+---------+
+-----------+---------+

[INFO]: Resolved joint names for the action term JointPositionAction: ['left_hip_pitch_joint', 'right_hip_pitch_joint', 'waist_yaw_joint', 'left_hip_roll_joint', 'right_hip_roll_joint', 'waist_roll_joint', 'left_hip_yaw_joint', 'right_hip_yaw_joint', 'waist_pitch_joint', 'left_knee_joint', 'right_knee_joint', 'left_shoulder_pitch_joint', 'right_shoulder_pitch_joint', 'left_ankle_pitch_joint', 'right_ankle_pitch_joint', 'left_shoulder_roll_joint', 'right_shoulder_roll_joint', 'left_ankle_roll_joint', 'right_ankle_roll_joint', 'left_shoulder_yaw_joint', 'right_shoulder_yaw_joint', 'left_elbow_joint', 'right_elbow_joint', 'left_wrist_roll_joint', 'right_wrist_roll_joint', 'left_wrist_pitch_joint', 'right_wrist_pitch_joint', 'left_wrist_yaw_joint', 'right_wrist_yaw_joint'] [tensor([ 0,  1,  2,  3,  4,  5,  6,  7,  8,  9, 10, 11, 12, 13, 14, 15, 16, 17,
        18, 19, 20, 21, 22, 23, 24, 25, 26, 27, 28], device='cuda:0',
       dtype=torch.int32)]
[INFO] Action Manager:  <ActionManager> contains 1 active terms.
+------------------------------------+
|  Active Action Terms (shape: 29)   |
+--------+-------------+-------------+
| Index  | Name        |   Dimension |
+--------+-------------+-------------+
|   0    | joint_pos   |          29 |
+--------+-------------+-------------+

[INFO] Observation Manager: <ObservationManager> contains 5 groups.
+------------------------------------------------------------+
| Active Observation Terms in Group: 'policy' (shape: (495,)) |
+----------+-------------------------------------+-----------+
|  Index   | Name                                |   Shape   |
+----------+-------------------------------------+-----------+
|    0     | base_ang_vel                        |   (15,)   |
|    1     | root_local_rot_tan_norm             |   (30,)   |
|    2     | velocity_commands                   |   (15,)   |
|    3     | joint_pos                           |   (145,)  |
|    4     | joint_vel                           |   (145,)  |
|    5     | actions                             |   (145,)  |
+----------+-------------------------------------+-----------+
+------------------------------------------------------------+
| Active Observation Terms in Group: 'critic' (shape: (600,)) |
+----------+-------------------------------------+-----------+
|  Index   | Name                                |   Shape   |
+----------+-------------------------------------+-----------+
|    0     | base_lin_vel                        |   (15,)   |
|    1     | base_ang_vel                        |   (15,)   |
|    2     | root_local_rot_tan_norm             |   (30,)   |
|    3     | velocity_commands                   |   (15,)   |
|    4     | joint_pos                           |   (145,)  |
|    5     | joint_vel                           |   (145,)  |
|    6     | actions                             |   (145,)  |
|    7     | key_body_pos_b                      |   (90,)   |
+----------+-------------------------------------+-----------+
+------------------------------------------------------+
| Active Observation Terms in Group: 'disc' (shape: (10, 67)) |
+---------------+---------------+----------------------+
|     Index     | Name          |        Shape         |
+---------------+---------------+----------------------+
|       0       | state         |       (10, 67)       |
+---------------+---------------+----------------------+
+---------------------------------------------------------+
| Active Observation Terms in Group: 'disc_demo' (shape: (10, 67)) |
+----------------+----------------+-----------------------+
|     Index      | Name           |         Shape         |
+----------------+----------------+-----------------------+
|       0        | state          |        (10, 67)       |
+----------------+----------------+-----------------------+
+----------------------------------------------------------+
| Active Observation Terms in Group: 'depth' (shape: (8, 18, 32)) |
+--------------+--------------+----------------------------+
|    Index     | Name         |           Shape            |
+--------------+--------------+----------------------------+
|      0       | image        |        (8, 18, 32)         |
+--------------+--------------+----------------------------+

[INFO] Termination Manager:  <TerminationManager> contains 4 active terms.
+----------------------------------------+
|        Active Termination Terms        |
+-------+---------------------+----------+
| Index | Name                | Time Out |
+-------+---------------------+----------+
|   0   | time_out            |   True   |
|   1   | base_contact        |  False   |
|   2   | base_height         |  False   |
|   3   | excessive_body_tilt |  False   |
+-------+---------------------+----------+

[INFO] Reward Manager:  <RewardManager> contains 18 active terms.
+--------------------------------------------+
|            Active Reward Terms             |
+-------+------------------------+-----------+
| Index | Name                   |    Weight |
+-------+------------------------+-----------+
|   0   | track_lin_vel_xy_exp   |       2.0 |
|   1   | track_ang_vel_z_exp    |       2.0 |
|   2   | lin_vel_z_l2           |      -0.2 |
|   3   | ang_vel_xy_l2          |     -0.05 |
|   4   | dof_torques_l2         |  -1.5e-07 |
|   5   | dof_acc_l2             | -1.25e-07 |
|   6   | action_rate_l2         |    -0.005 |
|   7   | dof_pos_limits         |      -1.0 |
|   8   | feet_air_time          |       0.5 |
|   9   | feet_slide             |      -0.1 |
|   10  | undesired_arm_contacts |      -1.0 |
|   11  | termination_penalty    |    -200.0 |
|   12  | feet_support           |     -0.25 |
|   13  | feet_edge              |      -0.1 |
|   14  | dont_wait              |      -0.5 |
|   15  | heading_error          |      -1.0 |
|   16  | stand_still            |      -0.3 |
|   17  | upright_body           |      -3.0 |
+-------+------------------------+-----------+

[INFO] Curriculum Manager:  <CurriculumManager> contains 1 active terms.
+---------------------------+
|  Active Curriculum Terms  |
+--------+------------------+
| Index  | Name             |
+--------+------------------+
|   0    | terrain_levels   |
+--------+------------------+

[INFO]: Completed setting up the environment...
--------------------------------------------------------------------------------
Resolved observation sets: 
	 actor :  ['policy', 'depth']
	 critic :  ['critic', 'depth']
	 discriminator :  ['disc']
	 discriminator_demonstration :  ['disc_demo']
--------------------------------------------------------------------------------
[PPOAMP] Actor: CNNModel(
  (obs_normalizer): Identity()
  (distribution): GaussianDistribution()
  (mlp): MLP(
    (0): Linear(in_features=559, out_features=256, bias=True)
    (1): ELU(alpha=1.0)
    (2): Linear(in_features=256, out_features=128, bias=True)
    (3): ELU(alpha=1.0)
    (4): Linear(in_features=128, out_features=29, bias=True)
  )
  (cnns): ModuleDict(
    (depth): CNN(
      (0): Conv2d(8, 16, kernel_size=(5, 5), stride=(2, 2))
      (1): ELU(alpha=1.0)
      (2): Conv2d(16, 32, kernel_size=(3, 3), stride=(2, 2))
      (3): ELU(alpha=1.0)
      (4): Conv2d(32, 32, kernel_size=(3, 3), stride=(2, 2))
      (5): ELU(alpha=1.0)
      (6): Flatten(start_dim=1, end_dim=-1)
    )
  )
)
[PPOAMP] Critic: CNNModel(
  (obs_normalizer): Identity()
  (mlp): MLP(
    (0): Linear(in_features=664, out_features=256, bias=True)
    (1): ELU(alpha=1.0)
    (2): Linear(in_features=256, out_features=128, bias=True)
    (3): ELU(alpha=1.0)
    (4): Linear(in_features=128, out_features=1, bias=True)
  )
  (cnns): ModuleDict(
    (depth): CNN(
      (0): Conv2d(8, 16, kernel_size=(5, 5), stride=(2, 2))
      (1): ELU(alpha=1.0)
      (2): Conv2d(16, 32, kernel_size=(3, 3), stride=(2, 2))
      (3): ELU(alpha=1.0)
      (4): Conv2d(32, 32, kernel_size=(3, 3), stride=(2, 2))
      (5): ELU(alpha=1.0)
      (6): Flatten(start_dim=1, end_dim=-1)
    )
  )
)
AMP Discriminator trunk: Sequential(
  (0): Linear(in_features=670, out_features=1024, bias=True)
  (1): ReLU()
  (2): Linear(in_features=1024, out_features=512, bias=True)
  (3): ReLU()
)
AMP Discriminator linear: Linear(in_features=512, out_features=1, bias=True)
Storing git diff for 'legged_lab_v3' in: /home/ljc/legged_lab_v3/logs/rsl_rl/g1_amp_depth_target_v6_smoke/2026-09-13_13-20-45_target_v6_smoke/git/legged_lab_v3.diff
################################################################################
[1m                             Learning iteration 0/3                             [0m 

                               Run name: target_v6_smoke
                            Total steps: 12288 
                       Steps per second: 3472 
                        Collection time: 3.123s 
                          Learning time: 0.416s 
                        Mean value loss: 2.3182
                    Mean surrogate loss: -0.0314
                      Mean entropy loss: 21.0507
               Mean amp/disc_score loss: -0.1888
          Mean amp/disc_demo_score loss: 0.2188
                Mean amp/disc_loss loss: 0.6714
        Mean amp/disc_grad_penalty loss: 0.0962
           Mean amp/disc_weight_l2 loss: 0.1520
            Mean amp/disc_logit_l2 loss: 0.0134
          Mean amp/disc_total_loss loss: 0.9330
             Mean amp/disc_updates loss: 20.0000
                            Mean reward: -0.54
                    Mean episode length: 14.40
                        Mean action std: 0.50
Metrics/base_velocity/target_progress_m: 0.0075
                  AMP/online_disc_score: -0.0019
              Episode_Reward/dof_acc_l2: -0.0002
Metrics/base_velocity/moving_tracking_exp_vel_xy: 0.3312
     Metrics/base_velocity/error_vel_xy: 0.0045
    Metrics/base_velocity/error_vel_yaw: 0.0189
Metrics/base_velocity/moving_opportunity_s: 0.1583
  Metrics/base_velocity/target_distance: 0.0317
               Episode_Reward/feet_edge: 0.0000
            Episode_Reward/lin_vel_z_l2: -0.0001
Episode_Termination/excessive_body_tilt: 0.0000
 Metrics/base_velocity/stopped_fraction: 0.0016
    Episode_Reward/track_lin_vel_xy_exp: 0.0113
     AMP/weighted_style_reward_per_step: 0.1872
          AMP/raw_style_reward_per_step: 0.7489
     Episode_Reward/termination_penalty: -0.0167
           Episode_Reward/ang_vel_xy_l2: -0.0015
           Episode_Reward/feet_air_time: 0.0000
       Episode_Termination/base_contact: 0.0021
      AMP/weighted_task_reward_per_step: -0.0026
     Episode_Reward/track_ang_vel_z_exp: 0.0032
            Episode_Reward/upright_body: -0.0012
        Episode_Termination/base_height: 0.0000
              Episode_Reward/feet_slide: -0.0005
          Episode_Reward/dof_torques_l2: -0.0000
Metrics/base_velocity/tracking_exp_vel_xy: 0.0054
             Episode_Reward/stand_still: 0.0011
Metrics/base_velocity/moving_tracking_exp_vel_yaw: 0.1331
           Episode_Reward/heading_error: -0.0072
          Episode_Reward/action_rate_l2: -0.0009
  Metrics/base_velocity/targets_reached: 0.0000
            Episode_Reward/feet_support: 0.0000
               AMP/task_reward_per_step: -0.0026
               Episode_Reward/dont_wait: -0.0036
              AMP/style_reward_per_step: 0.1872
              AMP/mixed_reward_per_step: 0.1846
  Episode_Reward/undesired_arm_contacts: -0.0005
Metrics/base_velocity/tracking_exp_vel_yaw: 0.0015
              Curriculum/terrain_levels: 0.0000
                AMP/style_zero_fraction: 0.0000
Metrics/base_velocity/valid_targets_reached: 0.0000
          Episode_Reward/dof_pos_limits: -0.0000
           Episode_Termination/time_out: 0.0108
--------------------------------------------------------------------------------
                         Iteration time: 3.54s
                           Time elapsed: 0:00:03
                                    ETA: 0:00:07

################################################################################
[1m                             Learning iteration 1/3                             [0m 

                               Run name: target_v6_smoke
                            Total steps: 24576 
                       Steps per second: 4542 
                        Collection time: 2.490s 
                          Learning time: 0.215s 
                        Mean value loss: 1.6768
                    Mean surrogate loss: -0.0328
                      Mean entropy loss: 21.0591
               Mean amp/disc_score loss: -0.5712
          Mean amp/disc_demo_score loss: 0.4726
                Mean amp/disc_loss loss: 0.2656
        Mean amp/disc_grad_penalty loss: 0.2271
           Mean amp/disc_weight_l2 loss: 0.1483
            Mean amp/disc_logit_l2 loss: 0.0134
          Mean amp/disc_total_loss loss: 0.6544
             Mean amp/disc_updates loss: 20.0000
                            Mean reward: -4.86
                    Mean episode length: 45.26
                        Mean action std: 0.50
Metrics/base_velocity/target_progress_m: 0.1685
                  AMP/online_disc_score: -0.4796
              Episode_Reward/dof_acc_l2: -0.0004
Metrics/base_velocity/moving_tracking_exp_vel_xy: 0.3883
     Metrics/base_velocity/error_vel_xy: 0.0212
    Metrics/base_velocity/error_vel_yaw: 0.0659
Metrics/base_velocity/moving_opportunity_s: 0.6570
  Metrics/base_velocity/target_distance: 0.1127
               Episode_Reward/feet_edge: -0.0000
            Episode_Reward/lin_vel_z_l2: -0.0002
Episode_Termination/excessive_body_tilt: 0.0423
 Metrics/base_velocity/stopped_fraction: 0.0012
    Episode_Reward/track_lin_vel_xy_exp: 0.0292
     AMP/weighted_style_reward_per_step: 0.1123
          AMP/raw_style_reward_per_step: 0.4492
     Episode_Reward/termination_penalty: -0.0952
           Episode_Reward/ang_vel_xy_l2: -0.0082
           Episode_Reward/feet_air_time: 0.0001
       Episode_Termination/base_contact: 0.0039
      AMP/weighted_task_reward_per_step: -0.0588
     Episode_Reward/track_ang_vel_z_exp: 0.0094
            Episode_Reward/upright_body: -0.0233
        Episode_Termination/base_height: 0.0000
              Episode_Reward/feet_slide: -0.0018
          Episode_Reward/dof_torques_l2: -0.0000
Metrics/base_velocity/tracking_exp_vel_xy: 0.0140
             Episode_Reward/stand_still: 0.0006
Metrics/base_velocity/moving_tracking_exp_vel_yaw: 0.1128
           Episode_Reward/heading_error: -0.0215
          Episode_Reward/action_rate_l2: -0.0030
  Metrics/base_velocity/targets_reached: 0.0020
            Episode_Reward/feet_support: -0.0006
               AMP/task_reward_per_step: -0.0588
               Episode_Reward/dont_wait: -0.0119
              AMP/style_reward_per_step: 0.1123
              AMP/mixed_reward_per_step: 0.0535
  Episode_Reward/undesired_arm_contacts: -0.0015
Metrics/base_velocity/tracking_exp_vel_yaw: 0.0043
              Curriculum/terrain_levels: 0.0000
                AMP/style_zero_fraction: 0.0000
Metrics/base_velocity/valid_targets_reached: 0.0000
          Episode_Reward/dof_pos_limits: -0.0000
           Episode_Termination/time_out: 0.0389
--------------------------------------------------------------------------------
                         Iteration time: 2.70s
                           Time elapsed: 0:00:06
                                    ETA: 0:00:03

################################################################################
[1m                             Learning iteration 2/3                             [0m 

                               Run name: target_v6_smoke
                            Total steps: 36864 
                       Steps per second: 4301 
                        Collection time: 2.647s 
                          Learning time: 0.210s 
                        Mean value loss: 3.3513
                    Mean surrogate loss: -0.0353
                      Mean entropy loss: 21.0714
               Mean amp/disc_score loss: -0.5736
          Mean amp/disc_demo_score loss: 0.5456
                Mean amp/disc_loss loss: 0.2365
        Mean amp/disc_grad_penalty loss: 0.1886
           Mean amp/disc_weight_l2 loss: 0.1440
            Mean amp/disc_logit_l2 loss: 0.0131
          Mean amp/disc_total_loss loss: 0.5822
             Mean amp/disc_updates loss: 20.0000
                            Mean reward: -5.27
                    Mean episode length: 64.37
                        Mean action std: 0.50
Metrics/base_velocity/target_progress_m: 0.1866
                  AMP/online_disc_score: -0.4991
              Episode_Reward/dof_acc_l2: -0.0007
Metrics/base_velocity/moving_tracking_exp_vel_xy: 0.3261
     Metrics/base_velocity/error_vel_xy: 0.0382
    Metrics/base_velocity/error_vel_yaw: 0.1117
Metrics/base_velocity/moving_opportunity_s: 1.0354
  Metrics/base_velocity/target_distance: 0.1772
               Episode_Reward/feet_edge: -0.0000
            Episode_Reward/lin_vel_z_l2: -0.0003
Episode_Termination/excessive_body_tilt: 0.5772
 Metrics/base_velocity/stopped_fraction: 0.0049
    Episode_Reward/track_lin_vel_xy_exp: 0.0452
     AMP/weighted_style_reward_per_step: 0.1071
          AMP/raw_style_reward_per_step: 0.4285
     Episode_Reward/termination_penalty: -0.1977
           Episode_Reward/ang_vel_xy_l2: -0.0130
           Episode_Reward/feet_air_time: 0.0001
       Episode_Termination/base_contact: 0.0020
      AMP/weighted_task_reward_per_step: -0.1191
     Episode_Reward/track_ang_vel_z_exp: 0.0185
            Episode_Reward/upright_body: -0.0448
        Episode_Termination/base_height: 0.0050
              Episode_Reward/feet_slide: -0.0028
          Episode_Reward/dof_torques_l2: -0.0000
Metrics/base_velocity/tracking_exp_vel_xy: 0.0219
             Episode_Reward/stand_still: 0.0028
Metrics/base_velocity/moving_tracking_exp_vel_yaw: 0.1323
           Episode_Reward/heading_error: -0.0418
          Episode_Reward/action_rate_l2: -0.0051
  Metrics/base_velocity/targets_reached: 0.0451
            Episode_Reward/feet_support: -0.0011
               AMP/task_reward_per_step: -0.1191
               Episode_Reward/dont_wait: -0.0173
              AMP/style_reward_per_step: 0.1071
              AMP/mixed_reward_per_step: -0.0119
  Episode_Reward/undesired_arm_contacts: -0.0027
Metrics/base_velocity/tracking_exp_vel_yaw: 0.0087
              Curriculum/terrain_levels: 0.0000
                AMP/style_zero_fraction: 0.0085
Metrics/base_velocity/valid_targets_reached: 0.0044
          Episode_Reward/dof_pos_limits: -0.0000
           Episode_Termination/time_out: 0.0481
--------------------------------------------------------------------------------
                         Iteration time: 2.86s
                           Time elapsed: 0:00:09
                                    ETA: 0:00:00

Training time: 9.55 seconds
[INFO]: SimulationContext cleared
Loading user config located at: '/home/ljc/isaaclab/lib/python3.12/site-packages/isaacsim/kit/data/Kit/IsaacLab/3.0/user.config.json'
2026-09-13T05:20:43Z [0ms] [Warning] [omni.usd_config.extension] Enable omni.materialx.libs extension to use MaterialX
2026-09-13T05:21:03Z [19,718ms] [Warning] [usdrt.population.plugin] Last global time was not created. Did you call setEnableUsdNoticeHandling?
