WARNING: All log messages before absl::InitializeLog() is called are written to STDERR
E0000 00:00:1789177686.105567  678022 descriptor_database.cc:633] File already exists in database: grpc/health/v1/health.proto
W0000 00:00:1789177686.105608  678022 message.cc:301] Protobuf GeneratedMessageFactory: File is already registered: grpc/health/v1/health.proto
[ISAACLAB] AppLauncher initialization complete
[ISAACLAB] Kit version: 110.1.2+production.326809.f9bf0dda.gl
[ISAACLAB] Kit kernel:  210.1.11+release.13746.80f6dc72.gl
[ISAACLAB] Kit hash:    f9bf0dda
[INFO]: Parsing configuration from: legged_lab.tasks.locomotion.amp.config.g1.g1_amp_depth_target_env_cfg:G1AmpDepthTargetEnvCfg_PLAY
[INFO]: Parsing configuration from: legged_lab.tasks.locomotion.amp.config.g1.agents.rsl_rl_depth_target_ppo_cfg:G1AmpDepthTargetPPORunnerCfg
[INFO]: Base environment:
	Environment device    : cuda:0
	Environment seed      : 42
	Physics step-size     : 0.005
	Rendering step-size   : 0.02
	Environment step-size : 0.02
[INFO]: Sampling flat patches for sub-terrain at (row, col):  (0, 0)
[INFO]: Sampling flat patches for sub-terrain at (row, col):  (0, 1)
[INFO]: Sampling flat patches for sub-terrain at (row, col):  (0, 2)
[INFO]: Sampling flat patches for sub-terrain at (row, col):  (0, 3)
[INFO]: Sampling flat patches for sub-terrain at (row, col):  (0, 4)
[INFO]: Sampling flat patches for sub-terrain at (row, col):  (0, 5)
[INFO] Generating terrains based on curriculum took Last: 0.527628 s
[INFO]: Registered backend 'physx' for factory Articulation.
[INFO]: Registered backend 'physx' for factory ContactSensor.
[INFO]: Registered backend 'physx' for factory RayCaster.
[INFO]: Registered backend 'physx' for factory MultiMeshRayCasterCamera.
[INFO]: Physics scene prim path: /physicsScene
[INFO]: Time taken for scene creation Last: 2.726359 s, Mean: 2.726359 s, Std: 0.000000 s, N: 1
[INFO]: Scene manager:  <class InteractiveScene>
	Number of environments: 60
	Environment spacing   : 2.5
	Source prim name      : /World/envs/env_0
	Global prim paths     : ['/World/ground']
	Replicate physics     : True
[INFO]: Simulation parameters for joints in /World/envs/env_[^/]+/Robot:
+---------------------------------------------------------------------------------------------------------------------------------------------------------------------------------+
|                                                      Simulation Joint Information (Prim path: /World/envs/env_[^/]+/Robot)                                                      |
+-------+----------------------------+-----------+---------+----------+-----------------+------------------+------------------+-----------------+-----------------+---------------+
| Index | Name                       | Stiffness | Damping | Armature | Static Friction | Dynamic Friction | Viscous Friction | Position Limits | Velocity Limits | Effort Limits |
+-------+----------------------------+-----------+---------+----------+-----------------+------------------+------------------+-----------------+-----------------+---------------+
|   0   | left_hip_pitch_joint       |  100.000  |  2.000  |  0.010   |      0.000      |      0.000       |      0.000       | [-2.531, 2.880] |      32.000     |     88.000    |
|   1   | right_hip_pitch_joint      |  100.000  |  2.000  |  0.010   |      0.000      |      0.000       |      0.000       | [-2.531, 2.880] |      32.000     |     88.000    |
|   2   | waist_yaw_joint            |  200.000  |  5.000  |  0.010   |      0.000      |      0.000       |      0.000       | [-2.618, 2.618] |      32.000     |     88.000    |
|   3   | left_hip_roll_joint        |  100.000  |  2.000  |  0.010   |      0.000      |      0.000       |      0.000       | [-0.524, 2.967] |      20.000     |    139.000    |
|   4   | right_hip_roll_joint       |  100.000  |  2.000  |  0.010   |      0.000      |      0.000       |      0.000       | [-2.967, 0.524] |      20.000     |    139.000    |
|   5   | waist_roll_joint           |   40.000  |  5.000  |  0.010   |      0.000      |      0.000       |      0.000       | [-0.520, 0.520] |      37.000     |     25.000    |
|   6   | left_hip_yaw_joint         |  100.000  |  2.000  |  0.010   |      0.000      |      0.000       |      0.000       | [-2.758, 2.758] |      32.000     |     88.000    |
|   7   | right_hip_yaw_joint        |  100.000  |  2.000  |  0.010   |      0.000      |      0.000       |      0.000       | [-2.758, 2.758] |      32.000     |     88.000    |
|   8   | waist_pitch_joint          |   40.000  |  5.000  |  0.010   |      0.000      |      0.000       |      0.000       | [-0.520, 0.520] |      37.000     |     25.000    |
|   9   | left_knee_joint            |  150.000  |  4.000  |  0.010   |      0.000      |      0.000       |      0.000       | [-0.087, 2.880] |      20.000     |    139.000    |
|   10  | right_knee_joint           |  150.000  |  4.000  |  0.010   |      0.000      |      0.000       |      0.000       | [-0.087, 2.880] |      20.000     |    139.000    |
|   11  | left_shoulder_pitch_joint  |   40.000  |  1.000  |  0.010   |      0.000      |      0.000       |      0.000       | [-3.089, 2.670] |      37.000     |     25.000    |
|   12  | right_shoulder_pitch_joint |   40.000  |  1.000  |  0.010   |      0.000      |      0.000       |      0.000       | [-3.089, 2.670] |      37.000     |     25.000    |
|   13  | left_ankle_pitch_joint     |   40.000  |  2.000  |  0.010   |      0.000      |      0.000       |      0.000       | [-0.873, 0.524] |      37.000     |     25.000    |
|   14  | right_ankle_pitch_joint    |   40.000  |  2.000  |  0.010   |      0.000      |      0.000       |      0.000       | [-0.873, 0.524] |      37.000     |     25.000    |
|   15  | left_shoulder_roll_joint   |   40.000  |  1.000  |  0.010   |      0.000      |      0.000       |      0.000       | [-1.588, 2.251] |      37.000     |     25.000    |
|   16  | right_shoulder_roll_joint  |   40.000  |  1.000  |  0.010   |      0.000      |      0.000       |      0.000       | [-2.251, 1.588] |      37.000     |     25.000    |
|   17  | left_ankle_roll_joint      |   40.000  |  2.000  |  0.010   |      0.000      |      0.000       |      0.000       | [-0.262, 0.262] |      37.000     |     25.000    |
|   18  | right_ankle_roll_joint     |   40.000  |  2.000  |  0.010   |      0.000      |      0.000       |      0.000       | [-0.262, 0.262] |      37.000     |     25.000    |
|   19  | left_shoulder_yaw_joint    |   40.000  |  1.000  |  0.010   |      0.000      |      0.000       |      0.000       | [-2.618, 2.618] |      37.000     |     25.000    |
|   20  | right_shoulder_yaw_joint   |   40.000  |  1.000  |  0.010   |      0.000      |      0.000       |      0.000       | [-2.618, 2.618] |      37.000     |     25.000    |
|   21  | left_elbow_joint           |   40.000  |  1.000  |  0.010   |      0.000      |      0.000       |      0.000       | [-1.047, 2.094] |      37.000     |     25.000    |
|   22  | right_elbow_joint          |   40.000  |  1.000  |  0.010   |      0.000      |      0.000       |      0.000       | [-1.047, 2.094] |      37.000     |     25.000    |
|   23  | left_wrist_roll_joint      |   40.000  |  1.000  |  0.010   |      0.000      |      0.000       |      0.000       | [-1.972, 1.972] |      37.000     |     25.000    |
|   24  | right_wrist_roll_joint     |   40.000  |  1.000  |  0.010   |      0.000      |      0.000       |      0.000       | [-1.972, 1.972] |      37.000     |     25.000    |
|   25  | left_wrist_pitch_joint     |   40.000  |  1.000  |  0.010   |      0.000      |      0.000       |      0.000       | [-1.614, 1.614] |      22.000     |     5.000     |
|   26  | right_wrist_pitch_joint    |   40.000  |  1.000  |  0.010   |      0.000      |      0.000       |      0.000       | [-1.614, 1.614] |      22.000     |     5.000     |
|   27  | left_wrist_yaw_joint       |   40.000  |  1.000  |  0.010   |      0.000      |      0.000       |      0.000       | [-1.614, 1.614] |      22.000     |     5.000     |
|   28  | right_wrist_yaw_joint      |   40.000  |  1.000  |  0.010   |      0.000      |      0.000       |      0.000       | [-1.614, 1.614] |      22.000     |     5.000     |
+-------+----------------------------+-----------+---------+----------+-----------------+------------------+------------------+-----------------+-----------------+---------------+
[INFO]: Read mesh prim: /World/ground/terrain/mesh with 22464 vertices and 127896 faces.
[INFO]: Read '1' mesh prims under path '/World/ground' with 21811 vertices and 42632 faces.
[INFO]: Read '2' mesh prims under path '/World/envs/env_0/Robot/pelvis/visuals' with 28675 vertices and 57318 faces.
[INFO]: Read '1' mesh prims under path '/World/envs/env_0/Robot/waist_yaw_link/visuals' with 6046 vertices and 12398 faces.
[INFO]: Read '1' mesh prims under path '/World/envs/env_0/Robot/waist_roll_link/visuals' with 858 vertices and 1716 faces.
[INFO]: Read '1' mesh prims under path '/World/envs/env_0/Robot/torso_link/visuals/torso_link_rev_1_0' with 25662 vertices and 51410 faces.
[INFO]: Read '1' mesh prims under path '/World/envs/env_0/Robot/torso_link/visuals/logo_link' with 2462 vertices and 4866 faces.
[INFO]: Read '1' mesh prims under path '/World/envs/env_0/Robot/left_hip_pitch_link/visuals' with 1811 vertices and 3632 faces.
[INFO]: Read '1' mesh prims under path '/World/envs/env_0/Robot/left_hip_roll_link/visuals' with 1925 vertices and 3842 faces.
[INFO]: Read '1' mesh prims under path '/World/envs/env_0/Robot/left_hip_yaw_link/visuals' with 2980 vertices and 5924 faces.
[INFO]: Read '1' mesh prims under path '/World/envs/env_0/Robot/left_knee_link/visuals' with 8558 vertices and 17096 faces.
[INFO]: Read '1' mesh prims under path '/World/envs/env_0/Robot/left_ankle_pitch_link/visuals' with 714 vertices and 1422 faces.
[INFO]: Read '1' mesh prims under path '/World/envs/env_0/Robot/left_ankle_roll_link/visuals' with 6543 vertices and 13066 faces.
[INFO]: Read '1' mesh prims under path '/World/envs/env_0/Robot/left_shoulder_pitch_link/visuals' with 1770 vertices and 3534 faces.
[INFO]: Read '1' mesh prims under path '/World/envs/env_0/Robot/left_shoulder_roll_link/visuals' with 4004 vertices and 8004 faces.
[INFO]: Read '1' mesh prims under path '/World/envs/env_0/Robot/left_shoulder_yaw_link/visuals' with 2492 vertices and 4982 faces.
[INFO]: Read '1' mesh prims under path '/World/envs/env_0/Robot/left_elbow_link/visuals' with 900 vertices and 1774 faces.
[INFO]: Read '1' mesh prims under path '/World/envs/env_0/Robot/left_wrist_roll_link/visuals' with 3563 vertices and 7122 faces.
[INFO]: Read '1' mesh prims under path '/World/envs/env_0/Robot/left_wrist_pitch_link/visuals' with 861 vertices and 1718 faces.
[INFO]: Read '2' mesh prims under path '/World/envs/env_0/Robot/left_wrist_yaw_link/visuals' with 26064 vertices and 52120 faces.
[INFO]: Read '1' mesh prims under path '/World/envs/env_0/Robot/right_hip_pitch_link/visuals' with 1807 vertices and 3624 faces.
[INFO]: Read '1' mesh prims under path '/World/envs/env_0/Robot/right_hip_roll_link/visuals' with 1930 vertices and 3852 faces.
[INFO]: Read '1' mesh prims under path '/World/envs/env_0/Robot/right_hip_yaw_link/visuals' with 2980 vertices and 5924 faces.
[INFO]: Read '1' mesh prims under path '/World/envs/env_0/Robot/right_knee_link/visuals' with 8532 vertices and 17044 faces.
[INFO]: Read '1' mesh prims under path '/World/envs/env_0/Robot/right_ankle_pitch_link/visuals' with 714 vertices and 1422 faces.
[INFO]: Read '1' mesh prims under path '/World/envs/env_0/Robot/right_ankle_roll_link/visuals' with 6547 vertices and 13074 faces.
[INFO]: Read '1' mesh prims under path '/World/envs/env_0/Robot/right_shoulder_pitch_link/visuals' with 1770 vertices and 3534 faces.
[INFO]: Read '1' mesh prims under path '/World/envs/env_0/Robot/right_shoulder_roll_link/visuals' with 4020 vertices and 8036 faces.
[INFO]: Read '1' mesh prims under path '/World/envs/env_0/Robot/right_shoulder_yaw_link/visuals' with 2500 vertices and 4998 faces.
[INFO]: Read '1' mesh prims under path '/World/envs/env_0/Robot/right_elbow_link/visuals' with 889 vertices and 1774 faces.
[INFO]: Read '1' mesh prims under path '/World/envs/env_0/Robot/right_wrist_roll_link/visuals' with 3562 vertices and 7120 faces.
[INFO]: Read '1' mesh prims under path '/World/envs/env_0/Robot/right_wrist_pitch_link/visuals' with 797 vertices and 1590 faces.
[INFO]: Read '2' mesh prims under path '/World/envs/env_0/Robot/right_wrist_yaw_link/visuals' with 25353 vertices and 50680 faces.
[INFO]: Time taken for simulation start Last: 3.932134 s, Mean: 3.932134 s, Std: 0.000000 s, N: 1
[Motion Data Manager] Loading motion data from /home/ljc/legged_lab_v3/source/legged_lab/legged_lab/data/MotionData/g1_29dof/amp/walk_and_run/B10_-__Walk_turn_left_45_stageii.pkl...
[Motion Data Manager] Loading motion data from /home/ljc/legged_lab_v3/source/legged_lab/legged_lab/data/MotionData/g1_29dof/amp/walk_and_run/B11_-__Walk_turn_left_135_stageii.pkl...
[Motion Data Manager] Loading motion data from /home/ljc/legged_lab_v3/source/legged_lab/legged_lab/data/MotionData/g1_29dof/amp/walk_and_run/B13_-__Walk_turn_right_90_stageii.pkl...
[Motion Data Manager] Loading motion data from /home/ljc/legged_lab_v3/source/legged_lab/legged_lab/data/MotionData/g1_29dof/amp/walk_and_run/B14_-__Walk_turn_right_45_t2_stageii.pkl...
[Motion Data Manager] Loading motion data from /home/ljc/legged_lab_v3/source/legged_lab/legged_lab/data/MotionData/g1_29dof/amp/walk_and_run/B15_-__Walk_turn_around_stageii.pkl...
[Motion Data Manager] Loading motion data from /home/ljc/legged_lab_v3/source/legged_lab/legged_lab/data/MotionData/g1_29dof/amp/walk_and_run/B22_-__side_step_left_stageii.pkl...
[Motion Data Manager] Loading motion data from /home/ljc/legged_lab_v3/source/legged_lab/legged_lab/data/MotionData/g1_29dof/amp/walk_and_run/B23_-__side_step_right_stageii.pkl...
[Motion Data Manager] Loading motion data from /home/ljc/legged_lab_v3/source/legged_lab/legged_lab/data/MotionData/g1_29dof/amp/walk_and_run/B4_-_Stand_to_Walk_backwards_stageii.pkl...
[Motion Data Manager] Loading motion data from /home/ljc/legged_lab_v3/source/legged_lab/legged_lab/data/MotionData/g1_29dof/amp/walk_and_run/B9_-__Walk_turn_left_90_stageii.pkl...
[Motion Data Manager] Loading motion data from /home/ljc/legged_lab_v3/source/legged_lab/legged_lab/data/MotionData/g1_29dof/amp/walk_and_run/C11_-_run_turn_left_90_stageii.pkl...
[Motion Data Manager] Loading motion data from /home/ljc/legged_lab_v3/source/legged_lab/legged_lab/data/MotionData/g1_29dof/amp/walk_and_run/C12_-_run_turn_left_45_stageii.pkl...
[Motion Data Manager] Loading motion data from /home/ljc/legged_lab_v3/source/legged_lab/legged_lab/data/MotionData/g1_29dof/amp/walk_and_run/C13_-_run_turn_left_135_stageii.pkl...
[Motion Data Manager] Loading motion data from /home/ljc/legged_lab_v3/source/legged_lab/legged_lab/data/MotionData/g1_29dof/amp/walk_and_run/C14_-_run_turn_right_90_stageii.pkl...
[Motion Data Manager] Loading motion data from /home/ljc/legged_lab_v3/source/legged_lab/legged_lab/data/MotionData/g1_29dof/amp/walk_and_run/C15_-_run_turn_right_45_stageii.pkl...
[Motion Data Manager] Loading motion data from /home/ljc/legged_lab_v3/source/legged_lab/legged_lab/data/MotionData/g1_29dof/amp/walk_and_run/C16_-_run_turn_right_135_stageii.pkl...
[Motion Data Manager] Loading motion data from /home/ljc/legged_lab_v3/source/legged_lab/legged_lab/data/MotionData/g1_29dof/amp/walk_and_run/C17_-_run_change_direction_stageii.pkl...
[Motion Data Manager] Loading motion data from /home/ljc/legged_lab_v3/source/legged_lab/legged_lab/data/MotionData/g1_29dof/amp/walk_and_run/C1_-_stand_to_run_stageii.pkl...
[Motion Data Manager] Loading motion data from /home/ljc/legged_lab_v3/source/legged_lab/legged_lab/data/MotionData/g1_29dof/amp/walk_and_run/C3_-_run_stageii.pkl...
[Motion Data Manager] Loading motion data from /home/ljc/legged_lab_v3/source/legged_lab/legged_lab/data/MotionData/g1_29dof/amp/walk_and_run/C4_-_run_to_walk_a_stageii.pkl...
[Motion Data Manager] Loading motion data from /home/ljc/legged_lab_v3/source/legged_lab/legged_lab/data/MotionData/g1_29dof/amp/walk_and_run/C5_-_walk_to_run_stageii.pkl...
[Motion Data Manager] Loading motion data from /home/ljc/legged_lab_v3/source/legged_lab/legged_lab/data/MotionData/g1_29dof/amp/walk_and_run/C6_-_stand_to_run_backwards_stageii.pkl...
[Motion Data Manager] Loading motion data from /home/ljc/legged_lab_v3/source/legged_lab/legged_lab/data/MotionData/g1_29dof/amp/walk_and_run/C8_-_run_backwards_to_stand_stageii.pkl...
[Motion Data Manager] Loading motion data from /home/ljc/legged_lab_v3/source/legged_lab/legged_lab/data/MotionData/g1_29dof/amp/walk_and_run/C9_-_run_backwards_turn_run_forward_stageii.pkl...
[Motion Data Manager] Loading motion data from /home/ljc/legged_lab_v3/source/legged_lab/legged_lab/data/MotionData/g1_29dof/amp/walk_and_run/Walk_B10_-_Walk_turn_left_45_stageii.pkl...
[Motion Data Manager] Loading motion data from /home/ljc/legged_lab_v3/source/legged_lab/legged_lab/data/MotionData/g1_29dof/amp/walk_and_run/Walk_B13_-_Walk_turn_right_45_stageii.pkl...
[Motion Data Manager] Loading motion data from /home/ljc/legged_lab_v3/source/legged_lab/legged_lab/data/MotionData/g1_29dof/amp/walk_and_run/Walk_B15_-_Walk_turn_around_stageii.pkl...
[Motion Data Manager] Loading motion data from /home/ljc/legged_lab_v3/source/legged_lab/legged_lab/data/MotionData/g1_29dof/amp/walk_and_run/Walk_B16_-_Walk_turn_change_stageii.pkl...
[Motion Data Manager] Loading motion data from /home/ljc/legged_lab_v3/source/legged_lab/legged_lab/data/MotionData/g1_29dof/amp/walk_and_run/Walk_B22_-_Side_step_left_stageii.pkl...
[Motion Data Manager] Loading motion data from /home/ljc/legged_lab_v3/source/legged_lab/legged_lab/data/MotionData/g1_29dof/amp/walk_and_run/Walk_B23_-_Side_step_right_stageii.pkl...
[Motion Data Manager] Loading motion data from /home/ljc/legged_lab_v3/source/legged_lab/legged_lab/data/MotionData/g1_29dof/amp/walk_and_run/Walk_B4_-_Stand_to_Walk_Back_stageii.pkl...
[INFO] Motion Data Manager:  <MotionDataManager> contains 1 active terms.
+---------------------------------------------+
|          Motion Data Manager Terms          |
+-------+----------------+--------------------+
| Index | Motion Dataset |     Total Duration |
+-------+----------------+--------------------+
|   0   | motion_dataset | 156.15550231933594 |
+-------+----------------+--------------------+

[INFO] Animation Manager:  <AnimationManager> contains 1 active terms.
+--------------------------------------------------------------------------------------+
|                               Animation Manager Terms                                |
+-------+-----------+------------------+------------------+-------------+--------------+
| Index | Term Name | Motion Data Term | Num Steps to Use | Random Init | Random Fetch |
+-------+-----------+------------------+------------------+-------------+--------------+
|   0   | animation |  motion_dataset  |        10        |     True    |     True     |
+-------+-----------+------------------+------------------+-------------+--------------+

[TargetCommand] resample=8-12 s; gains=(2,2); yaw=+-1 rad/s; stop_radius=0.4 m; standing=0%; speed_caps={'pyramid_stairs': (0.45, 0.8), 'pyramid_stairs_inv': (0.45, 0.8), 'boxes': (0.45, 0.8), 'random_rough': (0.45, 1.0), 'hf_pyramid_slope': (0.45, 0.8), 'hf_pyramid_slope_inv': (0.45, 0.8)}
[INFO] Command Manager:  <CommandManager> contains 1 active terms.
+-----------------------------------------------+
|              Active Command Terms             |
+-------+---------------+-----------------------+
| Index | Name          |          Type         |
+-------+---------------+-----------------------+
|   0   | base_velocity | TargetVelocityCommand |
+-------+---------------+-----------------------+

[INFO] Event Manager:  <EventManager> contains 1 active terms.
+---------------------------------------+
|  Active Event Terms in Mode: 'reset'  |
+--------+------------------------------+
| Index  | Name                         |
+--------+------------------------------+
|   0    | base_external_force_torque   |
|   1    | reset_from_ref               |
+--------+------------------------------+

[INFO] Recorder Manager:  <RecorderManager> contains 0 active terms.
+---------------------+
| Active Recorder Terms |
+-----------+---------+
|   Index   | Name    |
+-----------+---------+
+-----------+---------+

[INFO]: Resolved joint names for the action term JointPositionAction: ['left_hip_pitch_joint', 'right_hip_pitch_joint', 'waist_yaw_joint', 'left_hip_roll_joint', 'right_hip_roll_joint', 'waist_roll_joint', 'left_hip_yaw_joint', 'right_hip_yaw_joint', 'waist_pitch_joint', 'left_knee_joint', 'right_knee_joint', 'left_shoulder_pitch_joint', 'right_shoulder_pitch_joint', 'left_ankle_pitch_joint', 'right_ankle_pitch_joint', 'left_shoulder_roll_joint', 'right_shoulder_roll_joint', 'left_ankle_roll_joint', 'right_ankle_roll_joint', 'left_shoulder_yaw_joint', 'right_shoulder_yaw_joint', 'left_elbow_joint', 'right_elbow_joint', 'left_wrist_roll_joint', 'right_wrist_roll_joint', 'left_wrist_pitch_joint', 'right_wrist_pitch_joint', 'left_wrist_yaw_joint', 'right_wrist_yaw_joint'] [tensor([ 0,  1,  2,  3,  4,  5,  6,  7,  8,  9, 10, 11, 12, 13, 14, 15, 16, 17,
        18, 19, 20, 21, 22, 23, 24, 25, 26, 27, 28], device='cuda:0',
       dtype=torch.int32)]
[INFO] Action Manager:  <ActionManager> contains 1 active terms.
+------------------------------------+
|  Active Action Terms (shape: 29)   |
+--------+-------------+-------------+
| Index  | Name        |   Dimension |
+--------+-------------+-------------+
|   0    | joint_pos   |          29 |
+--------+-------------+-------------+

[INFO] Observation Manager: <ObservationManager> contains 5 groups.
+------------------------------------------------------------+
| Active Observation Terms in Group: 'policy' (shape: (495,)) |
+----------+-------------------------------------+-----------+
|  Index   | Name                                |   Shape   |
+----------+-------------------------------------+-----------+
|    0     | base_ang_vel                        |   (15,)   |
|    1     | root_local_rot_tan_norm             |   (30,)   |
|    2     | velocity_commands                   |   (15,)   |
|    3     | joint_pos                           |   (145,)  |
|    4     | joint_vel                           |   (145,)  |
|    5     | actions                             |   (145,)  |
+----------+-------------------------------------+-----------+
+------------------------------------------------------------+
| Active Observation Terms in Group: 'critic' (shape: (600,)) |
+----------+-------------------------------------+-----------+
|  Index   | Name                                |   Shape   |
+----------+-------------------------------------+-----------+
|    0     | base_lin_vel                        |   (15,)   |
|    1     | base_ang_vel                        |   (15,)   |
|    2     | root_local_rot_tan_norm             |   (30,)   |
|    3     | velocity_commands                   |   (15,)   |
|    4     | joint_pos                           |   (145,)  |
|    5     | joint_vel                           |   (145,)  |
|    6     | actions                             |   (145,)  |
|    7     | key_body_pos_b                      |   (90,)   |
+----------+-------------------------------------+-----------+
+------------------------------------------------------+
| Active Observation Terms in Group: 'disc' (shape: (10, 67)) |
+---------------+---------------+----------------------+
|     Index     | Name          |        Shape         |
+---------------+---------------+----------------------+
|       0       | state         |       (10, 67)       |
+---------------+---------------+----------------------+
+---------------------------------------------------------+
| Active Observation Terms in Group: 'disc_demo' (shape: (10, 67)) |
+----------------+----------------+-----------------------+
|     Index      | Name           |         Shape         |
+----------------+----------------+-----------------------+
|       0        | state          |        (10, 67)       |
+----------------+----------------+-----------------------+
+----------------------------------------------------------+
| Active Observation Terms in Group: 'depth' (shape: (8, 18, 32)) |
+--------------+--------------+----------------------------+
|    Index     | Name         |           Shape            |
+--------------+--------------+----------------------------+
|      0       | image        |        (8, 18, 32)         |
+--------------+--------------+----------------------------+

[INFO] Termination Manager:  <TerminationManager> contains 3 active terms.
+---------------------------------+
|     Active Termination Terms    |
+-------+--------------+----------+
| Index | Name         | Time Out |
+-------+--------------+----------+
|   0   | time_out     |   True   |
|   1   | base_contact |  False   |
|   2   | base_height  |  False   |
+-------+--------------+----------+

[INFO] Reward Manager:  <RewardManager> contains 19 active terms.
+--------------------------------------------+
|            Active Reward Terms             |
+-------+------------------------+-----------+
| Index | Name                   |    Weight |
+-------+------------------------+-----------+
|   0   | track_lin_vel_xy_exp   |       1.0 |
|   1   | track_ang_vel_z_exp    |       2.0 |
|   2   | flat_orientation_l2    |      -1.0 |
|   3   | lin_vel_z_l2           |      -0.2 |
|   4   | ang_vel_xy_l2          |     -0.05 |
|   5   | dof_torques_l2         |  -1.5e-07 |
|   6   | dof_acc_l2             | -1.25e-07 |
|   7   | action_rate_l2         |    -0.005 |
|   8   | dof_pos_limits         |      -1.0 |
|   9   | joint_deviation_hip    |      -0.1 |
|   10  | joint_deviation_arms   |     -0.05 |
|   11  | joint_deviation_waist  |      -0.1 |
|   12  | feet_air_time          |      0.25 |
|   13  | feet_slide             |      -0.1 |
|   14  | undesired_arm_contacts |      -1.0 |
|   15  | termination_penalty    |    -200.0 |
|   16  | feet_support           |     -0.25 |
|   17  | feet_edge              |      -0.1 |
|   18  | dont_wait              |      -0.5 |
+-------+------------------------+-----------+

[INFO] Curriculum Manager:  <CurriculumManager> contains 0 active terms.
+----------------------+
| Active Curriculum Terms |
+-----------+----------+
|   Index   | Name     |
+-----------+----------+
+-----------+----------+

[INFO]: Completed setting up the environment...
--------------------------------------------------------------------------------
Resolved observation sets: 
	 actor :  ['policy', 'depth']
	 critic :  ['critic', 'depth']
	 discriminator :  ['disc']
	 discriminator_demonstration :  ['disc_demo']
--------------------------------------------------------------------------------
[PPOAMP] Actor: CNNModel(
  (obs_normalizer): Identity()
  (distribution): GaussianDistribution()
  (mlp): MLP(
    (0): Linear(in_features=559, out_features=256, bias=True)
    (1): ELU(alpha=1.0)
    (2): Linear(in_features=256, out_features=128, bias=True)
    (3): ELU(alpha=1.0)
    (4): Linear(in_features=128, out_features=29, bias=True)
  )
  (cnns): ModuleDict(
    (depth): CNN(
      (0): Conv2d(8, 16, kernel_size=(5, 5), stride=(2, 2))
      (1): ELU(alpha=1.0)
      (2): Conv2d(16, 32, kernel_size=(3, 3), stride=(2, 2))
      (3): ELU(alpha=1.0)
      (4): Conv2d(32, 32, kernel_size=(3, 3), stride=(2, 2))
      (5): ELU(alpha=1.0)
      (6): Flatten(start_dim=1, end_dim=-1)
    )
  )
)
[PPOAMP] Critic: CNNModel(
  (obs_normalizer): Identity()
  (mlp): MLP(
    (0): Linear(in_features=664, out_features=256, bias=True)
    (1): ELU(alpha=1.0)
    (2): Linear(in_features=256, out_features=128, bias=True)
    (3): ELU(alpha=1.0)
    (4): Linear(in_features=128, out_features=1, bias=True)
  )
  (cnns): ModuleDict(
    (depth): CNN(
      (0): Conv2d(8, 16, kernel_size=(5, 5), stride=(2, 2))
      (1): ELU(alpha=1.0)
      (2): Conv2d(16, 32, kernel_size=(3, 3), stride=(2, 2))
      (3): ELU(alpha=1.0)
      (4): Conv2d(32, 32, kernel_size=(3, 3), stride=(2, 2))
      (5): ELU(alpha=1.0)
      (6): Flatten(start_dim=1, end_dim=-1)
    )
  )
)
AMP Discriminator trunk: Sequential(
  (0): Linear(in_features=670, out_features=1024, bias=True)
  (1): ELU(alpha=1.0)
  (2): Linear(in_features=1024, out_features=512, bias=True)
  (3): ELU(alpha=1.0)
)
AMP Discriminator linear: Linear(in_features=512, out_features=1, bias=True)
AUDIT {"checkpoint": "/home/ljc/legged_lab_v3/logs/rsl_rl/g1_amp_depth_target_v4/2026-09-11_19-20-02_target_v4_scratch/model_32500.pt", "steps": 500, "num_envs": 60, "action_noise_std": 0.5, "initialization": "training reference initialization", "terrain": "six types, lowest difficulty", "groups": {"forward": {"command_vx": 0.6000000238418579, "command_wz": 0.0, "actual_vx": 0.235846146941185, "actual_wz": 0.22561854124069214, "abs_yaw_error": 2.296865701675415, "mean_joint_speed": 2.357081890106201, "height": 0.7599568963050842, "style": 0.0010649340692907572, "disc_agent": -1.009552001953125, "disc_demo": 0.9848906397819519, "disc_constant_demo": 0.9029039740562439, "stand_penalty_active": 0.0, "zero_forward_turn": 0.0, "done": 0.0012499999720603228, "timeout": 0.0, "body_gravity_z": -0.9906211495399475}, "left_half": {"command_vx": 0.0, "command_wz": 0.5, "actual_vx": -0.01834181696176529, "actual_wz": 0.10048035532236099, "abs_yaw_error": 1.3694708347320557, "mean_joint_speed": 1.7078417539596558, "height": 0.7794612050056458, "style": 0.0011618149001151323, "disc_agent": -0.9824977517127991, "disc_demo": 0.9841992259025574, "disc_constant_demo": 0.7833812832832336, "stand_penalty_active": 1.0, "zero_forward_turn": 1.0, "done": 0.00041666667675599456, "timeout": 0.0, "body_gravity_z": -0.9943329095840454}, "right_half": {"command_vx": 0.0, "command_wz": -0.5, "actual_vx": 0.024484116584062576, "actual_wz": -0.03913024812936783, "abs_yaw_error": 1.4086191654205322, "mean_joint_speed": 1.8128751516342163, "height": 0.7753274440765381, "style": 0.002880996558815241, "disc_agent": -0.9451593160629272, "disc_demo": 0.9850302338600159, "disc_constant_demo": 0.8034177422523499, "stand_penalty_active": 1.0, "zero_forward_turn": 1.0, "done": 0.0, "timeout": 0.0, "body_gravity_z": -0.9965524077415466}, "left_full": {"command_vx": 0.0, "command_wz": 1.0, "actual_vx": 0.007616802118718624, "actual_wz": 0.11498948186635971, "abs_yaw_error": 1.469085454940796, "mean_joint_speed": 1.6806180477142334, "height": 0.7725081443786621, "style": 0.0009362431592307985, "disc_agent": -0.9873006939888, "disc_demo": 0.9835092425346375, "disc_constant_demo": 0.8702565431594849, "stand_penalty_active": 1.0, "zero_forward_turn": 1.0, "done": 0.0, "timeout": 0.0, "body_gravity_z": -0.996294379234314}, "right_full": {"command_vx": 0.0, "command_wz": -1.0, "actual_vx": 0.015455767512321472, "actual_wz": -0.040790412575006485, "abs_yaw_error": 1.6050529479980469, "mean_joint_speed": 1.9484436511993408, "height": 0.754924476146698, "style": 0.005493257660418749, "disc_agent": -0.8750364184379578, "disc_demo": 0.9844494462013245, "disc_constant_demo": 0.7763458490371704, "stand_penalty_active": 1.0, "zero_forward_turn": 1.0, "done": 0.0, "timeout": 0.0, "body_gravity_z": -0.9951539039611816}, "target": {"command_vx": 0.04387659206986427, "command_wz": 0.010294868610799313, "actual_vx": 0.004549051634967327, "actual_wz": 0.047440171241760254, "abs_yaw_error": 1.6193307638168335, "mean_joint_speed": 1.806762456893921, "height": 0.7664679884910583, "style": 0.0026535107754170895, "disc_agent": -0.9449788331985474, "disc_demo": 0.9833882451057434, "disc_constant_demo": 0.8415331244468689, "stand_penalty_active": 0.8318750262260437, "zero_forward_turn": 0.8318750262260437, "done": 0.00020833333837799728, "timeout": 0.0, "body_gravity_z": -0.994842529296875}}, "hybrid_agent_with_demo_block_score": {"gravity": -0.9151153167088827, "q": -0.053367465656871595, "qd": -0.40700568196674186, "v": -0.7509583756327629, "w": -0.9193841218948364}, "demo_normalized_mean_abs": {"gravity": 0.35126325239737827, "q": 0.9632257719834646, "qd": 0.28624825303753215, "v": 0.6863396391272545, "w": 0.31661559641361237}, "note": "Hybrid state scores are off-distribution probes, not causal proof. Dones are per-step fractions."}
[INFO]: SimulationContext cleared
Loading user config located at: '/home/ljc/isaaclab/lib/python3.12/site-packages/isaacsim/kit/data/Kit/IsaacLab/3.0/user.config.json'
2026-09-12T01:48:06Z [0ms] [Warning] [omni.usd_config.extension] Enable omni.materialx.libs extension to use MaterialX
2026-09-12T01:48:14Z [8,053ms] [Warning] [usdrt.population.plugin] Last global time was not created. Did you call setEnableUsdNoticeHandling?
